../Core/Src/main.c:81:5:main	72	static
../Core/Src/main.c:135:6:SystemClock_Config	96	static
../Core/Src/main.c:185:13:MX_USART1_UART_Init	8	static
../Core/Src/main.c:220:13:MX_USART2_UART_Init	8	static
../Core/Src/main.c:255:13:MX_GPIO_Init	48	static
../Core/Src/main.c:288:6:lora_init	1032	static
../Core/Src/main.c:295:6:lora_receive	40	static
../Core/Src/main.c:302:6:trame_decode	16	static
../Core/Src/main.c:318:6:data_decode	40	static
../Core/Src/main.c:347:6:display_serial_data	288	static
../Core/Src/main.c:365:6:Error_Handler	4	static,ignoring_inline_asm
