../Core/Src/main.c:88:5:main	80	static
../Core/Src/main.c:150:6:SystemClock_Config	96	static
../Core/Src/main.c:200:13:MX_I2C1_Init	8	static
../Core/Src/main.c:248:13:MX_USART1_UART_Init	8	static
../Core/Src/main.c:283:13:MX_USART2_UART_Init	8	static
../Core/Src/main.c:318:13:MX_GPIO_Init	48	static
../Core/Src/main.c:351:6:lora_init	1032	static
../Core/Src/main.c:358:6:lora_receive	40	static
../Core/Src/main.c:365:6:trame_decode	16	static
../Core/Src/main.c:381:6:data_decode	64	static
../Core/Src/main.c:441:6:display_serial_data	288	static
../Core/Src/main.c:454:6:display_lcd_data	328	static
../Core/Src/main.c:493:6:Error_Handler	4	static,ignoring_inline_asm
