C:/Users/YoussefElbattah/Documents/STM32 projects/STM32_2024_G21/BE projet/STM32L476RG/IKS01A3_LoraTx/Src/stm32l4xx_it.c:69:6:NMI_Handler	4	static
C:/Users/YoussefElbattah/Documents/STM32 projects/STM32_2024_G21/BE projet/STM32L476RG/IKS01A3_LoraTx/Src/stm32l4xx_it.c:84:6:HardFault_Handler	4	static
C:/Users/YoussefElbattah/Documents/STM32 projects/STM32_2024_G21/BE projet/STM32L476RG/IKS01A3_LoraTx/Src/stm32l4xx_it.c:99:6:MemManage_Handler	4	static
C:/Users/YoussefElbattah/Documents/STM32 projects/STM32_2024_G21/BE projet/STM32L476RG/IKS01A3_LoraTx/Src/stm32l4xx_it.c:114:6:BusFault_Handler	4	static
C:/Users/YoussefElbattah/Documents/STM32 projects/STM32_2024_G21/BE projet/STM32L476RG/IKS01A3_LoraTx/Src/stm32l4xx_it.c:129:6:UsageFault_Handler	4	static
C:/Users/YoussefElbattah/Documents/STM32 projects/STM32_2024_G21/BE projet/STM32L476RG/IKS01A3_LoraTx/Src/stm32l4xx_it.c:144:6:SVC_Handler	4	static
C:/Users/YoussefElbattah/Documents/STM32 projects/STM32_2024_G21/BE projet/STM32L476RG/IKS01A3_LoraTx/Src/stm32l4xx_it.c:157:6:DebugMon_Handler	4	static
C:/Users/YoussefElbattah/Documents/STM32 projects/STM32_2024_G21/BE projet/STM32L476RG/IKS01A3_LoraTx/Src/stm32l4xx_it.c:170:6:PendSV_Handler	4	static
C:/Users/YoussefElbattah/Documents/STM32 projects/STM32_2024_G21/BE projet/STM32L476RG/IKS01A3_LoraTx/Src/stm32l4xx_it.c:183:6:SysTick_Handler	8	static
C:/Users/YoussefElbattah/Documents/STM32 projects/STM32_2024_G21/BE projet/STM32L476RG/IKS01A3_LoraTx/Src/stm32l4xx_it.c:204:6:EXTI0_IRQHandler	8	static
C:/Users/YoussefElbattah/Documents/STM32 projects/STM32_2024_G21/BE projet/STM32L476RG/IKS01A3_LoraTx/Src/stm32l4xx_it.c:218:6:EXTI1_IRQHandler	8	static
C:/Users/YoussefElbattah/Documents/STM32 projects/STM32_2024_G21/BE projet/STM32L476RG/IKS01A3_LoraTx/Src/stm32l4xx_it.c:232:6:EXTI4_IRQHandler	8	static
C:/Users/YoussefElbattah/Documents/STM32 projects/STM32_2024_G21/BE projet/STM32L476RG/IKS01A3_LoraTx/Src/stm32l4xx_it.c:246:6:EXTI15_10_IRQHandler	8	static
