13:08:07 **** Incremental Build of configuration Debug for project LoraRx ****
make -j16 all 
arm-none-eabi-gcc "../Core/Src/main.c" -mcpu=cortex-m4 -std=gnu11 -g3 -DDEBUG -DUSE_HAL_DRIVER -DSTM32L476xx -c -I../Core/Inc -I../Drivers/STM32L4xx_HAL_Driver/Inc -I../Drivers/STM32L4xx_HAL_Driver/Inc/Legacy -I../Drivers/CMSIS/Device/ST/STM32L4xx/Include -I../Drivers/CMSIS/Include -O0 -ffunction-sections -fdata-sections -Wall -fstack-usage -fcyclomatic-complexity -MMD -MP -MF"Core/Src/main.d" -MT"Core/Src/main.o" --specs=nano.specs -mfpu=fpv4-sp-d16 -mfloat-abi=hard -mthumb -o "Core/Src/main.o"
arm-none-eabi-gcc -o "LoraRx.elf" @"objects.list"   -mcpu=cortex-m4 -T"C:\Users\YoussefElbattah\Documents\STM32 projects\STM32_2024_G21\BE projet\STM32L476RG\LoraRx\STM32L476RGTX_FLASH.ld" --specs=nosys.specs -Wl,-Map="LoraRx.map" -Wl,--gc-sections -static --specs=nano.specs -mfpu=fpv4-sp-d16 -mfloat-abi=hard -mthumb -Wl,--start-group -lc -lm -Wl,--end-group
Finished building target: LoraRx.elf
 
arm-none-eabi-size  LoraRx.elf 
arm-none-eabi-objdump -h -S LoraRx.elf  > "LoraRx.list"
   text	   data	    bss	    dec	    hex	filename
  21592	    100	   3316	  25008	   61b0	LoraRx.elf
Finished building: default.size.stdout
 
Finished building: LoraRx.list
 
13:09:52 **** Incremental Build of configuration Debug for project LoraRx ****
make -j16 all 
arm-none-eabi-size  LoraRx.elf 
   text	   data	    bss	    dec	    hex	filename
  21592	    100	   3316	  25008	   61b0	LoraRx.elf
Finished building: default.size.stdout
 
