10:51:05 **** Build of configuration Debug for project IKS01A3_LoraTx ****
make -j16 all 
arm-none-eabi-gcc "C:/Users/YoussefElbattah/Documents/STM32 projects/STM32_2024_G21/BE projet/STM32L476RG/IKS01A3_LoraTx/Src/app_mems.c" -mcpu=cortex-m4 -std=gnu11 -g3 -DDEBUG -DUSE_HAL_DRIVER -DSTM32L476xx -c -I../../Inc -I../../Drivers/BSP/STM32L4xx_Nucleo -I../../Drivers/STM32L4xx_HAL_Driver/Inc -I../../Drivers/STM32L4xx_HAL_Driver/Inc/Legacy -I../../Drivers/CMSIS/Device/ST/STM32L4xx/Include -I../../Drivers/CMSIS/Include -I../../Drivers/BSP/Components/lsm6dso -I../../Drivers/BSP/Components/lis2dw12 -I../../Drivers/BSP/Components/lis2mdl -I../../Drivers/BSP/Components/hts221 -I../../Drivers/BSP/Components/lps22hh -I../../Drivers/BSP/Components/stts751 -I../../Drivers/BSP/IKS01A3 -I../../Drivers/BSP/Components/Common -O0 -ffunction-sections -fdata-sections -Wall -u _printf_float -fstack-usage -fcyclomatic-complexity -MMD -MP -MF"Application/User/app_mems.d" -MT"Application/User/app_mems.o" --specs=nano.specs -mfpu=fpv4-sp-d16 -mfloat-abi=hard -mthumb -o "Application/User/app_mems.o"
arm-none-eabi-gcc -o "IKS01A3_LoraTx.elf" @"objects.list"   -mcpu=cortex-m4 -T"C:\Users\YoussefElbattah\Documents\STM32 projects\STM32_2024_G21\BE projet\STM32L476RG\IKS01A3_LoraTx\STM32CubeIDE\STM32L476RGTX_FLASH.ld" --specs=nosys.specs -Wl,-Map="IKS01A3_LoraTx.map" -Wl,--gc-sections -static --specs=nano.specs -mfpu=fpv4-sp-d16 -mfloat-abi=hard -mthumb -u _printf_float -u _scanf_float -Wl,--start-group -lc -lm -Wl,--end-group
Finished building target: IKS01A3_LoraTx.elf
 
arm-none-eabi-size  IKS01A3_LoraTx.elf 
arm-none-eabi-objdump -h -S IKS01A3_LoraTx.elf  > "IKS01A3_LoraTx.list"
   text	   data	    bss	    dec	    hex	filename
  78568	    904	   3176	  82648	  142d8	IKS01A3_LoraTx.elf
Finished building: default.size.stdout
 
Finished building: IKS01A3_LoraTx.list
 
10:51:25 **** Incremental Build of configuration Debug for project IKS01A3_LoraTx ****
make -j16 all 
arm-none-eabi-size  IKS01A3_LoraTx.elf 
   text	   data	    bss	    dec	    hex	filename
  78568	    904	   3176	  82648	  142d8	IKS01A3_LoraTx.elf
Finished building: default.size.stdout
 
