Archive member included to satisfy reference by file (symbol)

C:/ST/STM32CubeIDE_1.14.1/STM32CubeIDE/plugins/com.st.stm32cube.ide.mcu.externaltools.gnu-tools-for-stm32.11.3.rel1.win32_1.1.100.202309141235/tools/bin/../lib/gcc/arm-none-eabi/11.3.1/../../../../arm-none-eabi/lib/thumb/v7e-m+fp/hard\libc_nano.a(libc_a-exit.o)
                              C:/ST/STM32CubeIDE_1.14.1/STM32CubeIDE/plugins/com.st.stm32cube.ide.mcu.externaltools.gnu-tools-for-stm32.11.3.rel1.win32_1.1.100.202309141235/tools/bin/../lib/gcc/arm-none-eabi/11.3.1/../../../../arm-none-eabi/lib/thumb/v7e-m+fp/hard/crt0.o (exit)
C:/ST/STM32CubeIDE_1.14.1/STM32CubeIDE/plugins/com.st.stm32cube.ide.mcu.externaltools.gnu-tools-for-stm32.11.3.rel1.win32_1.1.100.202309141235/tools/bin/../lib/gcc/arm-none-eabi/11.3.1/../../../../arm-none-eabi/lib/thumb/v7e-m+fp/hard\libc_nano.a(libc_a-nano-vfprintf_float.o)
                              (_printf_float)
C:/ST/STM32CubeIDE_1.14.1/STM32CubeIDE/plugins/com.st.stm32cube.ide.mcu.externaltools.gnu-tools-for-stm32.11.3.rel1.win32_1.1.100.202309141235/tools/bin/../lib/gcc/arm-none-eabi/11.3.1/../../../../arm-none-eabi/lib/thumb/v7e-m+fp/hard\libc_nano.a(libc_a-nano-vfprintf_i.o)
                              C:/ST/STM32CubeIDE_1.14.1/STM32CubeIDE/plugins/com.st.stm32cube.ide.mcu.externaltools.gnu-tools-for-stm32.11.3.rel1.win32_1.1.100.202309141235/tools/bin/../lib/gcc/arm-none-eabi/11.3.1/../../../../arm-none-eabi/lib/thumb/v7e-m+fp/hard\libc_nano.a(libc_a-nano-vfprintf_float.o) (_printf_common)
C:/ST/STM32CubeIDE_1.14.1/STM32CubeIDE/plugins/com.st.stm32cube.ide.mcu.externaltools.gnu-tools-for-stm32.11.3.rel1.win32_1.1.100.202309141235/tools/bin/../lib/gcc/arm-none-eabi/11.3.1/../../../../arm-none-eabi/lib/thumb/v7e-m+fp/hard\libc_nano.a(libc_a-nano-vfscanf_float.o)
                              (_scanf_float)
C:/ST/STM32CubeIDE_1.14.1/STM32CubeIDE/plugins/com.st.stm32cube.ide.mcu.externaltools.gnu-tools-for-stm32.11.3.rel1.win32_1.1.100.202309141235/tools/bin/../lib/gcc/arm-none-eabi/11.3.1/../../../../arm-none-eabi/lib/thumb/v7e-m+fp/hard\libc_nano.a(libc_a-findfp.o)
                              C:/ST/STM32CubeIDE_1.14.1/STM32CubeIDE/plugins/com.st.stm32cube.ide.mcu.externaltools.gnu-tools-for-stm32.11.3.rel1.win32_1.1.100.202309141235/tools/bin/../lib/gcc/arm-none-eabi/11.3.1/../../../../arm-none-eabi/lib/thumb/v7e-m+fp/hard\libc_nano.a(libc_a-exit.o) (__stdio_exit_handler)
C:/ST/STM32CubeIDE_1.14.1/STM32CubeIDE/plugins/com.st.stm32cube.ide.mcu.externaltools.gnu-tools-for-stm32.11.3.rel1.win32_1.1.100.202309141235/tools/bin/../lib/gcc/arm-none-eabi/11.3.1/../../../../arm-none-eabi/lib/thumb/v7e-m+fp/hard\libc_nano.a(libc_a-fwalk.o)
                              C:/ST/STM32CubeIDE_1.14.1/STM32CubeIDE/plugins/com.st.stm32cube.ide.mcu.externaltools.gnu-tools-for-stm32.11.3.rel1.win32_1.1.100.202309141235/tools/bin/../lib/gcc/arm-none-eabi/11.3.1/../../../../arm-none-eabi/lib/thumb/v7e-m+fp/hard\libc_nano.a(libc_a-findfp.o) (_fwalk_sglue)
C:/ST/STM32CubeIDE_1.14.1/STM32CubeIDE/plugins/com.st.stm32cube.ide.mcu.externaltools.gnu-tools-for-stm32.11.3.rel1.win32_1.1.100.202309141235/tools/bin/../lib/gcc/arm-none-eabi/11.3.1/../../../../arm-none-eabi/lib/thumb/v7e-m+fp/hard\libc_nano.a(libc_a-printf.o)
                              ./Application/User/app_mems.o (printf)
C:/ST/STM32CubeIDE_1.14.1/STM32CubeIDE/plugins/com.st.stm32cube.ide.mcu.externaltools.gnu-tools-for-stm32.11.3.rel1.win32_1.1.100.202309141235/tools/bin/../lib/gcc/arm-none-eabi/11.3.1/../../../../arm-none-eabi/lib/thumb/v7e-m+fp/hard\libc_nano.a(libc_a-snprintf.o)
                              ./Application/User/app_mems.o (snprintf)
C:/ST/STM32CubeIDE_1.14.1/STM32CubeIDE/plugins/com.st.stm32cube.ide.mcu.externaltools.gnu-tools-for-stm32.11.3.rel1.win32_1.1.100.202309141235/tools/bin/../lib/gcc/arm-none-eabi/11.3.1/../../../../arm-none-eabi/lib/thumb/v7e-m+fp/hard\libc_nano.a(libc_a-sprintf.o)
                              C:/ST/STM32CubeIDE_1.14.1/STM32CubeIDE/plugins/com.st.stm32cube.ide.mcu.externaltools.gnu-tools-for-stm32.11.3.rel1.win32_1.1.100.202309141235/tools/bin/../lib/gcc/arm-none-eabi/11.3.1/../../../../arm-none-eabi/lib/thumb/v7e-m+fp/hard\libc_nano.a(libc_a-nano-vfscanf_float.o) (sprintf)
C:/ST/STM32CubeIDE_1.14.1/STM32CubeIDE/plugins/com.st.stm32cube.ide.mcu.externaltools.gnu-tools-for-stm32.11.3.rel1.win32_1.1.100.202309141235/tools/bin/../lib/gcc/arm-none-eabi/11.3.1/../../../../arm-none-eabi/lib/thumb/v7e-m+fp/hard\libc_nano.a(libc_a-stdio.o)
                              C:/ST/STM32CubeIDE_1.14.1/STM32CubeIDE/plugins/com.st.stm32cube.ide.mcu.externaltools.gnu-tools-for-stm32.11.3.rel1.win32_1.1.100.202309141235/tools/bin/../lib/gcc/arm-none-eabi/11.3.1/../../../../arm-none-eabi/lib/thumb/v7e-m+fp/hard\libc_nano.a(libc_a-findfp.o) (__sread)
[...]
Memory Configuration

Name             Origin             Length             Attributes
RAM              0x0000000020000000 0x0000000000018000 xrw
RAM2             0x0000000010000000 0x0000000000008000 xrw
FLASH            0x0000000008000000 0x0000000000100000 xr
*default*        0x0000000000000000 0xffffffffffffffff

Linker script and memory map

LOAD C:/ST/STM32CubeIDE_1.14.1/STM32CubeIDE/plugins/com.st.stm32cube.ide.mcu.externaltools.gnu-tools-for-stm32.11.3.rel1.win32_1.1.100.202309141235/tools/bin/../lib/gcc/arm-none-eabi/11.3.1/thumb/v7e-m+fp/hard/crti.o
LOAD C:/ST/STM32CubeIDE_1.14.1/STM32CubeIDE/plugins/com.st.stm32cube.ide.mcu.externaltools.gnu-tools-for-stm32.11.3.rel1.win32_1.1.100.202309141235/tools/bin/../lib/gcc/arm-none-eabi/11.3.1/thumb/v7e-m+fp/hard/crtbegin.o
LOAD C:/ST/STM32CubeIDE_1.14.1/STM32CubeIDE/plugins/com.st.stm32cube.ide.mcu.externaltools.gnu-tools-for-stm32.11.3.rel1.win32_1.1.100.202309141235/tools/bin/../lib/gcc/arm-none-eabi/11.3.1/../../../../arm-none-eabi/lib/thumb/v7e-m+fp/hard/crt0.o
LOAD ./Application/Startup/startup_stm32l476rgtx.o
LOAD ./Application/User/app_mems.o
LOAD ./Application/User/main.o
LOAD ./Application/User/stm32l4xx_hal_msp.o
LOAD ./Application/User/stm32l4xx_it.o
LOAD ./Application/User/stm32l4xx_nucleo_bus.o
LOAD ./Application/User/syscalls.o
LOAD ./Application/User/sysmem.o
LOAD ./Drivers/BSP/Components/hts221.o
LOAD ./Drivers/BSP/Components/hts221_reg.o
LOAD ./Drivers/BSP/Components/lis2dw12.o
LOAD ./Drivers/BSP/Components/lis2dw12_reg.o
LOAD ./Drivers/BSP/Components/lis2mdl.o
LOAD ./Drivers/BSP/Components/lis2mdl_reg.o
LOAD ./Drivers/BSP/Components/lps22hh.o
LOAD ./Drivers/BSP/Components/lps22hh_reg.o
LOAD ./Drivers/BSP/Components/lsm6dso.o
LOAD ./Drivers/BSP/Components/lsm6dso_reg.o
LOAD ./Drivers/BSP/Components/stts751.o
LOAD ./Drivers/BSP/Components/stts751_reg.o
LOAD ./Drivers/BSP/IKS01A3/iks01a3_env_sensors.o
LOAD ./Drivers/BSP/IKS01A3/iks01a3_env_sensors_ex.o
LOAD ./Drivers/BSP/IKS01A3/iks01a3_motion_sensors.o
LOAD ./Drivers/BSP/IKS01A3/iks01a3_motion_sensors_ex.o
LOAD ./Drivers/BSP/STM32L4xx_Nucleo/stm32l4xx_nucleo.o
LOAD ./Drivers/CMSIS/system_stm32l4xx.o
LOAD ./Drivers/STM32L4xx_HAL_Driver/stm32l4xx_hal.o
LOAD ./Drivers/STM32L4xx_HAL_Driver/stm32l4xx_hal_cortex.o
LOAD ./Drivers/STM32L4xx_HAL_Driver/stm32l4xx_hal_dma.o
LOAD ./Drivers/STM32L4xx_HAL_Driver/stm32l4xx_hal_dma_ex.o
LOAD ./Drivers/STM32L4xx_HAL_Driver/stm32l4xx_hal_exti.o
LOAD ./Drivers/STM32L4xx_HAL_Driver/stm32l4xx_hal_flash.o
LOAD ./Drivers/STM32L4xx_HAL_Driver/stm32l4xx_hal_flash_ex.o
LOAD ./Drivers/STM32L4xx_HAL_Driver/stm32l4xx_hal_flash_ramfunc.o
LOAD ./Drivers/STM32L4xx_HAL_Driver/stm32l4xx_hal_gpio.o
LOAD ./Drivers/STM32L4xx_HAL_Driver/stm32l4xx_hal_i2c.o
LOAD ./Drivers/STM32L4xx_HAL_Driver/stm32l4xx_hal_i2c_ex.o
LOAD ./Drivers/STM32L4xx_HAL_Driver/stm32l4xx_hal_pwr.o
LOAD ./Drivers/STM32L4xx_HAL_Driver/stm32l4xx_hal_pwr_ex.o
LOAD ./Drivers/STM32L4xx_HAL_Driver/stm32l4xx_hal_rcc.o
LOAD ./Drivers/STM32L4xx_HAL_Driver/stm32l4xx_hal_rcc_ex.o
LOAD ./Drivers/STM32L4xx_HAL_Driver/stm32l4xx_hal_tim.o
LOAD ./Drivers/STM32L4xx_HAL_Driver/stm32l4xx_hal_tim_ex.o
LOAD ./Drivers/STM32L4xx_HAL_Driver/stm32l4xx_hal_uart.o
LOAD ./Drivers/STM32L4xx_HAL_Driver/stm32l4xx_hal_uart_ex.o
START GROUP
LOAD C:/ST/STM32CubeIDE_1.14.1/STM32CubeIDE/plugins/com.st.stm32cube.ide.mcu.externaltools.gnu-tools-for-stm32.11.3.rel1.win32_1.1.100.202309141235/tools/bin/../lib/gcc/arm-none-eabi/11.3.1/../../../../arm-none-eabi/lib/thumb/v7e-m+fp/hard\libc_nano.a
LOAD C:/ST/STM32CubeIDE_1.14.1/STM32CubeIDE/plugins/com.st.stm32cube.ide.mcu.externaltools.gnu-tools-for-stm32.11.3.rel1.win32_1.1.100.202309141235/tools/bin/../lib/gcc/arm-none-eabi/11.3.1/../../../../arm-none-eabi/lib/thumb/v7e-m+fp/hard\libm.a
END GROUP
START GROUP
LOAD C:/ST/STM32CubeIDE_1.14.1/STM32CubeIDE/plugins/com.st.stm32cube.ide.mcu.externaltools.gnu-tools-for-stm32.11.3.rel1.win32_1.1.100.202309141235/tools/bin/../lib/gcc/arm-none-eabi/11.3.1/thumb/v7e-m+fp/hard\libgcc.a
LOAD C:/ST/STM32CubeIDE_1.14.1/STM32CubeIDE/plugins/com.st.stm32cube.ide.mcu.externaltools.gnu-tools-for-stm32.11.3.rel1.win32_1.1.100.202309141235/tools/bin/../lib/gcc/arm-none-eabi/11.3.1/../../../../arm-none-eabi/lib/thumb/v7e-m+fp/hard\libc_nano.a
END GROUP
START GROUP
LOAD C:/ST/STM32CubeIDE_1.14.1/STM32CubeIDE/plugins/com.st.stm32cube.ide.mcu.externaltools.gnu-tools-for-stm32.11.3.rel1.win32_1.1.100.202309141235/tools/bin/../lib/gcc/arm-none-eabi/11.3.1/thumb/v7e-m+fp/hard\libgcc.a
LOAD C:/ST/STM32CubeIDE_1.14.1/STM32CubeIDE/plugins/com.st.stm32cube.ide.mcu.externaltools.gnu-tools-for-stm32.11.3.rel1.win32_1.1.100.202309141235/tools/bin/../lib/gcc/arm-none-eabi/11.3.1/../../../../arm-none-eabi/lib/thumb/v7e-m+fp/hard\libc_nano.a
LOAD C:/ST/STM32CubeIDE_1.14.1/STM32CubeIDE/plugins/com.st.stm32cube.ide.mcu.externaltools.gnu-tools-for-stm32.11.3.rel1.win32_1.1.100.202309141235/tools/bin/../lib/gcc/arm-none-eabi/11.3.1/../../../../arm-none-eabi/lib/thumb/v7e-m+fp/hard\libnosys.a
END GROUP
START GROUP
LOAD C:/ST/STM32CubeIDE_1.14.1/STM32CubeIDE/plugins/com.st.stm32cube.ide.mcu.externaltools.gnu-tools-for-stm32.11.3.rel1.win32_1.1.100.202309141235/tools/bin/../lib/gcc/arm-none-eabi/11.3.1/thumb/v7e-m+fp/hard\libgcc.a
LOAD C:/ST/STM32CubeIDE_1.14.1/STM32CubeIDE/plugins/com.st.stm32cube.ide.mcu.externaltools.gnu-tools-for-stm32.11.3.rel1.win32_1.1.100.202309141235/tools/bin/../lib/gcc/arm-none-eabi/11.3.1/../../../../arm-none-eabi/lib/thumb/v7e-m+fp/hard\libc_nano.a
LOAD C:/ST/STM32CubeIDE_1.14.1/STM32CubeIDE/plugins/com.st.stm32cube.ide.mcu.externaltools.gnu-tools-for-stm32.11.3.rel1.win32_1.1.100.202309141235/tools/bin/../lib/gcc/arm-none-eabi/11.3.1/../../../../arm-none-eabi/lib/thumb/v7e-m+fp/hard\libnosys.a
END GROUP
LOAD C:/ST/STM32CubeIDE_1.14.1/STM32CubeIDE/plugins/com.st.stm32cube.ide.mcu.externaltools.gnu-tools-for-stm32.11.3.rel1.win32_1.1.100.202309141235/tools/bin/../lib/gcc/arm-none-eabi/11.3.1/thumb/v7e-m+fp/hard/crtend.o
LOAD C:/ST/STM32CubeIDE_1.14.1/STM32CubeIDE/plugins/com.st.stm32cube.ide.mcu.externaltools.gnu-tools-for-stm32.11.3.rel1.win32_1.1.100.202309141235/tools/bin/../lib/gcc/arm-none-eabi/11.3.1/thumb/v7e-m+fp/hard/crtn.o
                0x0000000020018000                _estack = (ORIGIN (RAM) + LENGTH (RAM))
                0x0000000000000200                _Min_Heap_Size = 0x200
                0x0000000000000400                _Min_Stack_Size = 0x400

.isr_vector     0x0000000008000000      0x188
                0x0000000008000000                . = ALIGN (0x4)
 *(.isr_vector)
 .isr_vector    0x0000000008000000      0x188 ./Application/Startup/startup_stm32l476rgtx.o
                0x0000000008000000                g_pfnVectors
                0x0000000008000188                . = ALIGN (0x4)

.text           0x0000000008000190    0x12ae0
                0x0000000008000190                . = ALIGN (0x4)
 *(.text)
 .text          0x0000000008000190       0x40 C:/ST/STM32CubeIDE_1.14.1/STM32CubeIDE/plugins/com.st.stm32cube.ide.mcu.externaltools.gnu-tools-for-stm32.11.3.rel1.win32_1.1.100.202309141235/tools/bin/../lib/gcc/arm-none-eabi/11.3.1/thumb/v7e-m+fp/hard/crtbegin.o
 .text          0x00000000080001d0       0xa0 C:/ST/STM32CubeIDE_1.14.1/STM32CubeIDE/plugins/com.st.stm32cube.ide.mcu.externaltools.gnu-tools-for-stm32.11.3.rel1.win32_1.1.100.202309141235/tools/bin/../lib/gcc/arm-none-eabi/11.3.1/../../../../arm-none-eabi/lib/thumb/v7e-m+fp/hard\libc_nano.a(libc_a-memchr.o)
                0x00000000080001d0                memchr
 .text          0x0000000008000270       0x10 C:/ST/STM32CubeIDE_1.14.1/STM32CubeIDE/plugins/com.st.stm32cube.ide.mcu.externaltools.gnu-tools-for-stm32.11.3.rel1.win32_1.1.100.202309141235/tools/bin/../lib/gcc/arm-none-eabi/11.3.1/../../../../arm-none-eabi/lib/thumb/v7e-m+fp/hard\libc_nano.a(libc_a-strlen.o)
                0x0000000008000270                strlen
 .text          0x0000000008000280      0x378 C:/ST/STM32CubeIDE_1.14.1/STM32CubeIDE/plugins/com.st.stm32cube.ide.mcu.externaltools.gnu-tools-for-stm32.11.3.rel1.win32_1.1.100.202309141235/tools/bin/../lib/gcc/arm-none-eabi/11.3.1/thumb/v7e-m+fp/hard\libgcc.a(_arm_addsubdf3.o)
                0x0000000008000280                __aeabi_drsub
                0x0000000008000288                __aeabi_dsub
                0x0000000008000288                __subdf3
                0x000000000800028c                __aeabi_dadd
                0x000000000800028c                __adddf3
                0x0000000008000504                __floatunsidf
                0x0000000008000504                __aeabi_ui2d
                0x0000000008000524                __floatsidf
                0x0000000008000524                __aeabi_i2d
                0x0000000008000548                __aeabi_f2d
                0x0000000008000548                __extendsfdf2
                0x000000000800058c                __floatundidf
                0x000000000800058c                __aeabi_ul2d
                0x000000000800059c                __floatdidf
                0x000000000800059c                __aeabi_l2d
 .text          0x00000000080005f8      0x424 C:/ST/STM32CubeIDE_1.14.1/STM32CubeIDE/plugins/com.st.stm32cube.ide.mcu.externaltools.gnu-tools-for-stm32.11.3.rel1.win32_1.1.100.202309141235/tools/bin/../lib/gcc/arm-none-eabi/11.3.1/thumb/v7e-m+fp/hard\libgcc.a(_arm_muldivdf3.o)
                0x00000000080005f8                __aeabi_dmul
                0x00000000080005f8                __muldf3
                0x000000000800084c                __divdf3
                0x000000000800084c                __aeabi_ddiv
 .text          0x0000000008000a1c      0x110 C:/ST/STM32CubeIDE_1.14.1/STM32CubeIDE/plugins/com.st.stm32cube.ide.mcu.externaltools.gnu-tools-for-stm32.11.3.rel1.win32_1.1.100.202309141235/tools/bin/../lib/gcc/arm-none-eabi/11.3.1/thumb/v7e-m+fp/hard\libgcc.a(_arm_cmpdf2.o)
                0x0000000008000a1c                __gtdf2
                0x0000000008000a1c                __gedf2
                0x0000000008000a24                __ltdf2
                0x0000000008000a24                __ledf2
                0x0000000008000a2c                __nedf2
                0x0000000008000a2c                __eqdf2
                0x0000000008000a2c                __cmpdf2
                0x0000000008000aa8                __aeabi_cdrcmple
                0x0000000008000ab8                __aeabi_cdcmpeq
                0x0000000008000ab8                __aeabi_cdcmple
                0x0000000008000ac8                __aeabi_dcmpeq
                0x0000000008000adc                __aeabi_dcmplt
                0x0000000008000af0                __aeabi_dcmple
                0x0000000008000b04                __aeabi_dcmpge
                0x0000000008000b18                __aeabi_dcmpgt
 .text          0x0000000008000b2c       0x2c C:/ST/STM32CubeIDE_1.14.1/STM32CubeIDE/plugins/com.st.stm32cube.ide.mcu.externaltools.gnu-tools-for-stm32.11.3.rel1.win32_1.1.100.202309141235/tools/bin/../lib/gcc/arm-none-eabi/11.3.1/thumb/v7e-m+fp/hard\libgcc.a(_arm_unorddf2.o)
                0x0000000008000b2c                __unorddf2
                0x0000000008000b2c                __aeabi_dcmpun
 .text          0x0000000008000b58       0x50 C:/ST/STM32CubeIDE_1.14.1/STM32CubeIDE/plugins/com.st.stm32cube.ide.mcu.externaltools.gnu-tools-for-stm32.11.3.rel1.win32_1.1.100.202309141235/tools/bin/../lib/gcc/arm-none-eabi/11.3.1/thumb/v7e-m+fp/hard\libgcc.a(_arm_fixdfsi.o)
                0x0000000008000b58                __aeabi_d2iz
                0x0000000008000b58                __fixdfsi
 .text          0x0000000008000ba8       0x40 C:/ST/STM32CubeIDE_1.14.1/STM32CubeIDE/plugins/com.st.stm32cube.ide.mcu.externaltools.gnu-tools-for-stm32.11.3.rel1.win32_1.1.100.202309141235/tools/bin/../lib/gcc/arm-none-eabi/11.3.1/thumb/v7e-m+fp/hard\libgcc.a(_arm_fixunsdfsi.o)
                0x0000000008000ba8                __aeabi_d2uiz
                0x0000000008000ba8                __fixunsdfsi
 .text          0x0000000008000be8       0xa0 C:/ST/STM32CubeIDE_1.14.1/STM32CubeIDE/plugins/com.st.stm32cube.ide.mcu.externaltools.gnu-tools-for-stm32.11.3.rel1.win32_1.1.100.202309141235/tools/bin/../lib/gcc/arm-none-eabi/11.3.1/thumb/v7e-m+fp/hard\libgcc.a(_arm_truncdfsf2.o)
                0x0000000008000be8                __truncdfsf2
                0x0000000008000be8                __aeabi_d2f
 .text          0x0000000008000c88       0x30 C:/ST/STM32CubeIDE_1.14.1/STM32CubeIDE/plugins/com.st.stm32cube.ide.mcu.externaltools.gnu-tools-for-stm32.11.3.rel1.win32_1.1.100.202309141235/tools/bin/../lib/gcc/arm-none-eabi/11.3.1/thumb/v7e-m+fp/hard\libgcc.a(_aeabi_uldivmod.o)
                0x0000000008000c88                __aeabi_uldivmod
 .text          0x0000000008000cb8       0x30 C:/ST/STM32CubeIDE_1.14.1/STM32CubeIDE/plugins/com.st.stm32cube.ide.mcu.externaltools.gnu-tools-for-stm32.11.3.rel1.win32_1.1.100.202309141235/tools/bin/../lib/gcc/arm-none-eabi/11.3.1/thumb/v7e-m+fp/hard\libgcc.a(_fixdfdi.o)
                0x0000000008000cb8                __fixdfdi
                0x0000000008000cb8                __aeabi_d2lz
 .text          0x0000000008000ce8       0x3c C:/ST/STM32CubeIDE_1.14.1/STM32CubeIDE/plugins/com.st.stm32cube.ide.mcu.externaltools.gnu-tools-for-stm32.11.3.rel1.win32_1.1.100.202309141235/tools/bin/../lib/gcc/arm-none-eabi/11.3.1/thumb/v7e-m+fp/hard\libgcc.a(_fixunsdfdi.o)
                0x0000000008000ce8                __fixunsdfdi
                0x0000000008000ce8                __aeabi_d2ulz
 .text          0x0000000008000d24      0x2c8 C:/ST/STM32CubeIDE_1.14.1/STM32CubeIDE/plugins/com.st.stm32cube.ide.mcu.externaltools.gnu-tools-for-stm32.11.3.rel1.win32_1.1.100.202309141235/tools/bin/../lib/gcc/arm-none-eabi/11.3.1/thumb/v7e-m+fp/hard\libgcc.a(_udivmoddi4.o)
                0x0000000008000d24                __udivmoddi4
 .text          0x0000000008000fec        0x4 C:/ST/STM32CubeIDE_1.14.1/STM32CubeIDE/plugins/com.st.stm32cube.ide.mcu.externaltools.gnu-tools-for-stm32.11.3.rel1.win32_1.1.100.202309141235/tools/bin/../lib/gcc/arm-none-eabi/11.3.1/thumb/v7e-m+fp/hard\libgcc.a(_dvmd_tls.o)
                0x0000000008000fec                __aeabi_idiv0
                0x0000000008000fec                __aeabi_ldiv0
 *(.text*)
 .text.Reset_Handler
                0x0000000008000ff0       0x50 ./Application/Startup/startup_stm32l476rgtx.o
                0x0000000008000ff0                Reset_Handler
 .text.Default_Handler
                0x0000000008001040        0x2 ./Application/Startup/startup_stm32l476rgtx.o
                0x0000000008001040                RTC_Alarm_IRQHandler
                0x0000000008001040                EXTI2_IRQHandler
                0x0000000008001040                TIM8_TRG_COM_IRQHandler
                0x0000000008001040                TIM8_CC_IRQHandler
                0x0000000008001040                TIM1_CC_IRQHandler
                0x0000000008001040                TSC_IRQHandler
                0x0000000008001040                TAMP_STAMP_IRQHandler
                0x0000000008001040                EXTI3_IRQHandler
                0x0000000008001040                LPTIM2_IRQHandler
                0x0000000008001040                DFSDM1_FLT1_IRQHandler
                0x0000000008001040                I2C3_ER_IRQHandler
                0x0000000008001040                DFSDM1_FLT2_IRQHandler
                0x0000000008001040                I2C2_EV_IRQHandler
                0x0000000008001040                CAN1_RX0_IRQHandler
                0x0000000008001040                FPU_IRQHandler
                0x0000000008001040                TIM1_UP_TIM16_IRQHandler
                0x0000000008001040                ADC1_2_IRQHandler
                0x0000000008001040                SPI1_IRQHandler
                0x0000000008001040                TIM6_DAC_IRQHandler
                0x0000000008001040                TIM8_UP_IRQHandler
                0x0000000008001040                DMA2_Channel2_IRQHandler
                0x0000000008001040                DMA1_Channel4_IRQHandler
                0x0000000008001040                SAI2_IRQHandler
                0x0000000008001040                DFSDM1_FLT3_IRQHandler
                0x0000000008001040                USART3_IRQHandler
                0x0000000008001040                DMA1_Channel7_IRQHandler
                0x0000000008001040                CAN1_RX1_IRQHandler
                0x0000000008001040                LCD_IRQHandler
                0x0000000008001040                UART5_IRQHandler
                0x0000000008001040                ADC3_IRQHandler
                0x0000000008001040                TIM4_IRQHandler
                0x0000000008001040                DMA2_Channel1_IRQHandler
                0x0000000008001040                QUADSPI_IRQHandler
                0x0000000008001040                I2C1_EV_IRQHandler
                0x0000000008001040                DMA1_Channel6_IRQHandler
                0x0000000008001040                UART4_IRQHandler
                0x0000000008001040                DMA2_Channel4_IRQHandler
                0x0000000008001040                TIM3_IRQHandler
                0x0000000008001040                RCC_IRQHandler
                0x0000000008001040                DMA1_Channel1_IRQHandler
                0x0000000008001040                Default_Handler
                0x0000000008001040                DMA2_Channel7_IRQHandler
                0x0000000008001040                TIM7_IRQHandler
                0x0000000008001040                SDMMC1_IRQHandler
                0x0000000008001040                TIM5_IRQHandler
                0x0000000008001040                I2C3_EV_IRQHandler
                0x0000000008001040                EXTI9_5_IRQHandler
                0x0000000008001040                RTC_WKUP_IRQHandler
                0x0000000008001040                PVD_PVM_IRQHandler
                0x0000000008001040                SPI2_IRQHandler
                0x0000000008001040                CAN1_TX_IRQHandler
                0x0000000008001040                DMA2_Channel5_IRQHandler
                0x0000000008001040                DMA1_Channel5_IRQHandler
                0x0000000008001040                RNG_IRQHandler
                0x0000000008001040                TIM1_TRG_COM_TIM17_IRQHandler
                0x0000000008001040                DMA1_Channel3_IRQHandler
                0x0000000008001040                COMP_IRQHandler
                0x0000000008001040                WWDG_IRQHandler
                0x0000000008001040                LPUART1_IRQHandler
                0x0000000008001040                DMA2_Channel6_IRQHandler
                0x0000000008001040                TIM2_IRQHandler
                0x0000000008001040                USART2_IRQHandler
                0x0000000008001040                DFSDM1_FLT0_IRQHandler
                0x0000000008001040                I2C2_ER_IRQHandler
                0x0000000008001040                DMA1_Channel2_IRQHandler
                0x0000000008001040                TIM8_BRK_IRQHandler
                0x0000000008001040                CAN1_SCE_IRQHandler
                0x0000000008001040                FLASH_IRQHandler
                0x0000000008001040                USART1_IRQHandler
                0x0000000008001040                OTG_FS_IRQHandler
                0x0000000008001040                SPI3_IRQHandler
                0x0000000008001040                I2C1_ER_IRQHandler
                0x0000000008001040                FMC_IRQHandler
                0x0000000008001040                SWPMI1_IRQHandler
                0x0000000008001040                LPTIM1_IRQHandler
                0x0000000008001040                SAI1_IRQHandler
                0x0000000008001040                DMA2_Channel3_IRQHandler
                0x0000000008001040                TIM1_BRK_TIM15_IRQHandler
 .text.MX_MEMS_Init
                0x0000000008001042       0x10 ./Application/User/app_mems.o
                0x0000000008001042                MX_MEMS_Init
 .text.MX_MEMS_Process
                0x0000000008001052        0xc ./Application/User/app_mems.o
                0x0000000008001052                MX_MEMS_Process
 *fill*         0x000000000800105e        0x2 
 .text.MX_IKS01A3_DataLogTerminal_Init_G21
                0x0000000008001060      0x130 ./Application/User/app_mems.o
 .text.BSP_PB_Callback
                0x0000000008001190       0x20 ./Application/User/app_mems.o
                0x0000000008001190                BSP_PB_Callback
 .text.MX_IKS01A3_DataLogTerminal_Process_G21
                0x00000000080011b0      0x108 ./Application/User/app_mems.o
 .text.floatToInt
                0x00000000080012b8      0x114 ./Application/User/app_mems.o
 .text.Accelero_Sensor_Handler_G21
                0x00000000080013cc      0x150 ./Application/User/app_mems.o
 .text.Temp_Sensor_Handler_G21
                0x000000000800151c       0x98 ./Application/User/app_mems.o
 .text.Press_Sensor_Handler_G21
                0x00000000080015b4       0x98 ./Application/User/app_mems.o
 .text.Hum_Sensor_Handler_G21
                0x000000000800164c       0x98 ./Application/User/app_mems.o
 .text.lora_init
                0x00000000080016e4       0x90 ./Application/User/app_mems.o
 .text.lora_send
                0x0000000008001774       0xc4 ./Application/User/app_mems.o
 .text.main     0x0000000008001838       0x1e ./Application/User/main.o
                0x0000000008001838                main
 .text.SystemClock_Config
                0x0000000008001856       0xa2 ./Application/User/main.o
                0x0000000008001856                SystemClock_Config
 .text.MX_USART1_UART_Init
                0x00000000080018f8       0x60 ./Application/User/main.o
 .text.MX_GPIO_Init
                0x0000000008001958      0x100 ./Application/User/main.o
 .text.Error_Handler
                0x0000000008001a58        0xa ./Application/User/main.o
                0x0000000008001a58                Error_Handler
 *fill*         0x0000000008001a62        0x2 
 .text.HAL_MspInit
                0x0000000008001a64       0x48 ./Application/User/stm32l4xx_hal_msp.o
                0x0000000008001a64                HAL_MspInit
 .text.HAL_UART_MspInit
                0x0000000008001aac       0xbc ./Application/User/stm32l4xx_hal_msp.o
                0x0000000008001aac                HAL_UART_MspInit
 .text.NMI_Handler
                0x0000000008001b68        0x6 ./Application/User/stm32l4xx_it.o
                0x0000000008001b68                NMI_Handler
 .text.HardFault_Handler
                0x0000000008001b6e        0x6 ./Application/User/stm32l4xx_it.o
                0x0000000008001b6e                HardFault_Handler
 .text.MemManage_Handler
                0x0000000008001b74        0x6 ./Application/User/stm32l4xx_it.o
                0x0000000008001b74                MemManage_Handler
 .text.BusFault_Handler
                0x0000000008001b7a        0x6 ./Application/User/stm32l4xx_it.o
                0x0000000008001b7a                BusFault_Handler
 .text.UsageFault_Handler
                0x0000000008001b80        0x6 ./Application/User/stm32l4xx_it.o
                0x0000000008001b80                UsageFault_Handler
 .text.SVC_Handler
                0x0000000008001b86        0xe ./Application/User/stm32l4xx_it.o
                0x0000000008001b86                SVC_Handler
 .text.DebugMon_Handler
                0x0000000008001b94        0xe ./Application/User/stm32l4xx_it.o
                0x0000000008001b94                DebugMon_Handler
 .text.PendSV_Handler
                0x0000000008001ba2        0xe ./Application/User/stm32l4xx_it.o
                0x0000000008001ba2                PendSV_Handler
 .text.SysTick_Handler
                0x0000000008001bb0        0xc ./Application/User/stm32l4xx_it.o
                0x0000000008001bb0                SysTick_Handler
 .text.EXTI0_IRQHandler
                0x0000000008001bbc        0xe ./Application/User/stm32l4xx_it.o
                0x0000000008001bbc                EXTI0_IRQHandler
 .text.EXTI1_IRQHandler
                0x0000000008001bca        0xe ./Application/User/stm32l4xx_it.o
                0x0000000008001bca                EXTI1_IRQHandler
 .text.EXTI4_IRQHandler
                0x0000000008001bd8        0xe ./Application/User/stm32l4xx_it.o
                0x0000000008001bd8                EXTI4_IRQHandler
 *fill*         0x0000000008001be6        0x2 
 .text.EXTI15_10_IRQHandler
                0x0000000008001be8       0x1c ./Application/User/stm32l4xx_it.o
                0x0000000008001be8                EXTI15_10_IRQHandler
 .text.BSP_I2C1_Init
                0x0000000008001c04       0x7c ./Application/User/stm32l4xx_nucleo_bus.o
                0x0000000008001c04                BSP_I2C1_Init
 .text.BSP_I2C1_DeInit
                0x0000000008001c80       0x50 ./Application/User/stm32l4xx_nucleo_bus.o
                0x0000000008001c80                BSP_I2C1_DeInit
 .text.BSP_I2C1_WriteReg
                0x0000000008001cd0       0x64 ./Application/User/stm32l4xx_nucleo_bus.o
                0x0000000008001cd0                BSP_I2C1_WriteReg
 .text.BSP_I2C1_ReadReg
                0x0000000008001d34       0x64 ./Application/User/stm32l4xx_nucleo_bus.o
                0x0000000008001d34                BSP_I2C1_ReadReg
 .text.BSP_GetTick
                0x0000000008001d98        0xe ./Application/User/stm32l4xx_nucleo_bus.o
                0x0000000008001d98                BSP_GetTick
 *fill*         0x0000000008001da6        0x2 
 .text.MX_I2C1_Init
                0x0000000008001da8       0x88 ./Application/User/stm32l4xx_nucleo_bus.o
                0x0000000008001da8                MX_I2C1_Init
 .text.I2C1_MspInit
                0x0000000008001e30       0xc0 ./Application/User/stm32l4xx_nucleo_bus.o
 .text.I2C1_MspDeInit
                0x0000000008001ef0       0x38 ./Application/User/stm32l4xx_nucleo_bus.o
 .text._getpid  0x0000000008001f28       0x10 ./Application/User/syscalls.o
                0x0000000008001f28                _getpid
 .text._kill    0x0000000008001f38       0x20 ./Application/User/syscalls.o
                0x0000000008001f38                _kill
 .text._exit    0x0000000008001f58       0x14 ./Application/User/syscalls.o
                0x0000000008001f58                _exit
 .text._read    0x0000000008001f6c       0x3a ./Application/User/syscalls.o
                0x0000000008001f6c                _read
 .text._write   0x0000000008001fa6       0x38 ./Application/User/syscalls.o
                0x0000000008001fa6                _write
 .text._close   0x0000000008001fde       0x18 ./Application/User/syscalls.o
                0x0000000008001fde                _close
 .text._fstat   0x0000000008001ff6       0x20 ./Application/User/syscalls.o
                0x0000000008001ff6                _fstat
 .text._isatty  0x0000000008002016       0x16 ./Application/User/syscalls.o
                0x0000000008002016                _isatty
 .text._lseek   0x000000000800202c       0x1a ./Application/User/syscalls.o
                0x000000000800202c                _lseek
 *fill*         0x0000000008002046        0x2 
 .text._sbrk    0x0000000008002048       0x6c ./Application/User/sysmem.o
                0x0000000008002048                _sbrk
 .text.HTS221_RegisterBusIO
                0x00000000080020b4       0x94 ./Drivers/BSP/Components/hts221.o
                0x00000000080020b4                HTS221_RegisterBusIO
 .text.HTS221_Init
                0x0000000008002148       0x36 ./Drivers/BSP/Components/hts221.o
                0x0000000008002148                HTS221_Init
 .text.HTS221_DeInit
                0x000000000800217e       0x48 ./Drivers/BSP/Components/hts221.o
                0x000000000800217e                HTS221_DeInit
 .text.HTS221_ReadID
                0x00000000080021c6       0x2c ./Drivers/BSP/Components/hts221.o
                0x00000000080021c6                HTS221_ReadID
 *fill*         0x00000000080021f2        0x2 
 .text.HTS221_GetCapabilities
                0x00000000080021f4       0x58 ./Drivers/BSP/Components/hts221.o
                0x00000000080021f4                HTS221_GetCapabilities
 .text.HTS221_HUM_Enable
                0x000000000800224c       0x4a ./Drivers/BSP/Components/hts221.o
                0x000000000800224c                HTS221_HUM_Enable
 .text.HTS221_HUM_Disable
                0x0000000008002296       0x4a ./Drivers/BSP/Components/hts221.o
                0x0000000008002296                HTS221_HUM_Disable
 .text.HTS221_HUM_GetOutputDataRate
                0x00000000080022e0       0x1c ./Drivers/BSP/Components/hts221.o
                0x00000000080022e0                HTS221_HUM_GetOutputDataRate
 .text.HTS221_HUM_SetOutputDataRate
                0x00000000080022fc       0x20 ./Drivers/BSP/Components/hts221.o
                0x00000000080022fc                HTS221_HUM_SetOutputDataRate
 .text.HTS221_HUM_GetHumidity
                0x000000000800231c      0x110 ./Drivers/BSP/Components/hts221.o
                0x000000000800231c                HTS221_HUM_GetHumidity
 .text.HTS221_TEMP_Enable
                0x000000000800242c       0x4a ./Drivers/BSP/Components/hts221.o
                0x000000000800242c                HTS221_TEMP_Enable
 .text.HTS221_TEMP_Disable
                0x0000000008002476       0x4a ./Drivers/BSP/Components/hts221.o
                0x0000000008002476                HTS221_TEMP_Disable
 .text.HTS221_TEMP_GetOutputDataRate
                0x00000000080024c0       0x1c ./Drivers/BSP/Components/hts221.o
                0x00000000080024c0                HTS221_TEMP_GetOutputDataRate
 .text.HTS221_TEMP_SetOutputDataRate
                0x00000000080024dc       0x20 ./Drivers/BSP/Components/hts221.o
                0x00000000080024dc                HTS221_TEMP_SetOutputDataRate
 .text.HTS221_TEMP_GetTemperature
                0x00000000080024fc       0xd4 ./Drivers/BSP/Components/hts221.o
                0x00000000080024fc                HTS221_TEMP_GetTemperature
 .text.HTS221_GetOutputDataRate
                0x00000000080025d0       0x88 ./Drivers/BSP/Components/hts221.o
 .text.HTS221_SetOutputDataRate
                0x0000000008002658       0x60 ./Drivers/BSP/Components/hts221.o
 .text.HTS221_Initialize
                0x00000000080026b8       0x58 ./Drivers/BSP/Components/hts221.o
 .text.Linear_Interpolation
                0x0000000008002710       0x72 ./Drivers/BSP/Components/hts221.o
 .text.ReadRegWrap
                0x0000000008002782       0x62 ./Drivers/BSP/Components/hts221.o
 .text.WriteRegWrap
                0x00000000080027e4       0x62 ./Drivers/BSP/Components/hts221.o
 .text.hts221_read_reg
                0x0000000008002846       0x30 ./Drivers/BSP/Components/hts221_reg.o
                0x0000000008002846                hts221_read_reg
 .text.hts221_write_reg
                0x0000000008002876       0x30 ./Drivers/BSP/Components/hts221_reg.o
                0x0000000008002876                hts221_write_reg
 .text.hts221_data_rate_set
                0x00000000080028a6       0x4c ./Drivers/BSP/Components/hts221_reg.o
                0x00000000080028a6                hts221_data_rate_set
 *fill*         0x00000000080028f2        0x2 
 .text.hts221_data_rate_get
                0x00000000080028f4       0x70 ./Drivers/BSP/Components/hts221_reg.o
                0x00000000080028f4                hts221_data_rate_get
 .text.hts221_block_data_update_set
                0x0000000008002964       0x4c ./Drivers/BSP/Components/hts221_reg.o
                0x0000000008002964                hts221_block_data_update_set
 .text.hts221_humidity_raw_get
                0x00000000080029b0       0x46 ./Drivers/BSP/Components/hts221_reg.o
                0x00000000080029b0                hts221_humidity_raw_get
 .text.hts221_temperature_raw_get
                0x00000000080029f6       0x46 ./Drivers/BSP/Components/hts221_reg.o
                0x00000000080029f6                hts221_temperature_raw_get
 .text.hts221_device_id_get
                0x0000000008002a3c       0x22 ./Drivers/BSP/Components/hts221_reg.o
                0x0000000008002a3c                hts221_device_id_get
 .text.hts221_power_on_set
                0x0000000008002a5e       0x4c ./Drivers/BSP/Components/hts221_reg.o
                0x0000000008002a5e                hts221_power_on_set
 .text.hts221_hum_rh_point_0_get
                0x0000000008002aaa       0x3c ./Drivers/BSP/Components/hts221_reg.o
                0x0000000008002aaa                hts221_hum_rh_point_0_get
 .text.hts221_hum_rh_point_1_get
                0x0000000008002ae6       0x3c ./Drivers/BSP/Components/hts221_reg.o
                0x0000000008002ae6                hts221_hum_rh_point_1_get
 .text.hts221_temp_deg_point_0_get
                0x0000000008002b22       0x62 ./Drivers/BSP/Components/hts221_reg.o
                0x0000000008002b22                hts221_temp_deg_point_0_get
 .text.hts221_temp_deg_point_1_get
                0x0000000008002b84       0x62 ./Drivers/BSP/Components/hts221_reg.o
                0x0000000008002b84                hts221_temp_deg_point_1_get
 .text.hts221_hum_adc_point_0_get
                0x0000000008002be6       0x48 ./Drivers/BSP/Components/hts221_reg.o
                0x0000000008002be6                hts221_hum_adc_point_0_get
 .text.hts221_hum_adc_point_1_get
                0x0000000008002c2e       0x48 ./Drivers/BSP/Components/hts221_reg.o
                0x0000000008002c2e                hts221_hum_adc_point_1_get
 .text.hts221_temp_adc_point_0_get
                0x0000000008002c76       0x48 ./Drivers/BSP/Components/hts221_reg.o
                0x0000000008002c76                hts221_temp_adc_point_0_get
 .text.hts221_temp_adc_point_1_get
                0x0000000008002cbe       0x48 ./Drivers/BSP/Components/hts221_reg.o
                0x0000000008002cbe                hts221_temp_adc_point_1_get
 *fill*         0x0000000008002d06        0x2 
 .text.LIS2DW12_RegisterBusIO
                0x0000000008002d08       0xd4 ./Drivers/BSP/Components/lis2dw12.o
                0x0000000008002d08                LIS2DW12_RegisterBusIO
 .text.LIS2DW12_Init
                0x0000000008002ddc       0xc4 ./Drivers/BSP/Components/lis2dw12.o
                0x0000000008002ddc                LIS2DW12_Init
 .text.LIS2DW12_DeInit
                0x0000000008002ea0       0x44 ./Drivers/BSP/Components/lis2dw12.o
                0x0000000008002ea0                LIS2DW12_DeInit
 .text.LIS2DW12_ReadID
                0x0000000008002ee4       0x2c ./Drivers/BSP/Components/lis2dw12.o
                0x0000000008002ee4                LIS2DW12_ReadID
 .text.LIS2DW12_GetCapabilities
                0x0000000008002f10       0x5c ./Drivers/BSP/Components/lis2dw12.o
                0x0000000008002f10                LIS2DW12_GetCapabilities
 .text.LIS2DW12_ACC_Enable
                0x0000000008002f6c       0x52 ./Drivers/BSP/Components/lis2dw12.o
                0x0000000008002f6c                LIS2DW12_ACC_Enable
 .text.LIS2DW12_ACC_Disable
                0x0000000008002fbe       0x40 ./Drivers/BSP/Components/lis2dw12.o
                0x0000000008002fbe                LIS2DW12_ACC_Disable
 *fill*         0x0000000008002ffe        0x2 
 .text.LIS2DW12_ACC_GetSensitivity
                0x0000000008003000      0x150 ./Drivers/BSP/Components/lis2dw12.o
                0x0000000008003000                LIS2DW12_ACC_GetSensitivity
 .text.LIS2DW12_ACC_GetOutputDataRate
                0x0000000008003150      0x2fc ./Drivers/BSP/Components/lis2dw12.o
                0x0000000008003150                LIS2DW12_ACC_GetOutputDataRate
 .text.LIS2DW12_ACC_SetOutputDataRate
                0x000000000800344c       0x24 ./Drivers/BSP/Components/lis2dw12.o
                0x000000000800344c                LIS2DW12_ACC_SetOutputDataRate
 .text.LIS2DW12_ACC_SetOutputDataRate_With_Mode
                0x0000000008003470       0x4c ./Drivers/BSP/Components/lis2dw12.o
                0x0000000008003470                LIS2DW12_ACC_SetOutputDataRate_With_Mode
 .text.LIS2DW12_ACC_GetFullScale
                0x00000000080034bc       0x84 ./Drivers/BSP/Components/lis2dw12.o
                0x00000000080034bc                LIS2DW12_ACC_GetFullScale
 .text.LIS2DW12_ACC_SetFullScale
                0x0000000008003540       0x50 ./Drivers/BSP/Components/lis2dw12.o
                0x0000000008003540                LIS2DW12_ACC_SetFullScale
 .text.LIS2DW12_ACC_GetAxesRaw
                0x0000000008003590      0x104 ./Drivers/BSP/Components/lis2dw12.o
                0x0000000008003590                LIS2DW12_ACC_GetAxesRaw
 .text.LIS2DW12_ACC_GetAxes
                0x0000000008003694       0xaa ./Drivers/BSP/Components/lis2dw12.o
                0x0000000008003694                LIS2DW12_ACC_GetAxes
 .text.LIS2DW12_Write_Reg
                0x000000000800373e       0x36 ./Drivers/BSP/Components/lis2dw12.o
                0x000000000800373e                LIS2DW12_Write_Reg
 .text.LIS2DW12_ACC_SetOutputDataRate_When_Enabled
                0x0000000008003774      0x238 ./Drivers/BSP/Components/lis2dw12.o
 .text.LIS2DW12_ACC_SetOutputDataRate_When_Disabled
                0x00000000080039ac      0x124 ./Drivers/BSP/Components/lis2dw12.o
 .text.ReadRegWrap
                0x0000000008003ad0       0x36 ./Drivers/BSP/Components/lis2dw12.o
 .text.WriteRegWrap
                0x0000000008003b06       0x36 ./Drivers/BSP/Components/lis2dw12.o
 .text.lis2dw12_read_reg
                0x0000000008003b3c       0x30 ./Drivers/BSP/Components/lis2dw12_reg.o
                0x0000000008003b3c                lis2dw12_read_reg
 .text.lis2dw12_write_reg
                0x0000000008003b6c       0x30 ./Drivers/BSP/Components/lis2dw12_reg.o
                0x0000000008003b6c                lis2dw12_write_reg
 .text.lis2dw12_power_mode_set
                0x0000000008003b9c       0x9c ./Drivers/BSP/Components/lis2dw12_reg.o
                0x0000000008003b9c                lis2dw12_power_mode_set
 .text.lis2dw12_power_mode_get
                0x0000000008003c38      0x174 ./Drivers/BSP/Components/lis2dw12_reg.o
                0x0000000008003c38                lis2dw12_power_mode_get
 .text.lis2dw12_data_rate_set
                0x0000000008003dac       0x8a ./Drivers/BSP/Components/lis2dw12_reg.o
                0x0000000008003dac                lis2dw12_data_rate_set
 *fill*         0x0000000008003e36        0x2 
 .text.lis2dw12_data_rate_get
                0x0000000008003e38      0x194 ./Drivers/BSP/Components/lis2dw12_reg.o
                0x0000000008003e38                lis2dw12_data_rate_get
 .text.lis2dw12_block_data_update_set
                0x0000000008003fcc       0x4c ./Drivers/BSP/Components/lis2dw12_reg.o
                0x0000000008003fcc                lis2dw12_block_data_update_set
 .text.lis2dw12_full_scale_set
                0x0000000008004018       0x4c ./Drivers/BSP/Components/lis2dw12_reg.o
                0x0000000008004018                lis2dw12_full_scale_set
 .text.lis2dw12_full_scale_get
                0x0000000008004064       0x70 ./Drivers/BSP/Components/lis2dw12_reg.o
                0x0000000008004064                lis2dw12_full_scale_get
 .text.lis2dw12_acceleration_raw_get
                0x00000000080040d4       0x96 ./Drivers/BSP/Components/lis2dw12_reg.o
                0x00000000080040d4                lis2dw12_acceleration_raw_get
 .text.lis2dw12_device_id_get
                0x000000000800416a       0x22 ./Drivers/BSP/Components/lis2dw12_reg.o
                0x000000000800416a                lis2dw12_device_id_get
 .text.lis2dw12_auto_increment_set
                0x000000000800418c       0x4c ./Drivers/BSP/Components/lis2dw12_reg.o
                0x000000000800418c                lis2dw12_auto_increment_set
 .text.lis2dw12_fifo_mode_set
                0x00000000080041d8       0x4c ./Drivers/BSP/Components/lis2dw12_reg.o
                0x00000000080041d8                lis2dw12_fifo_mode_set
 .text.LIS2MDL_RegisterBusIO
                0x0000000008004224      0x100 ./Drivers/BSP/Components/lis2mdl.o
                0x0000000008004224                LIS2MDL_RegisterBusIO
 .text.LIS2MDL_Init
                0x0000000008004324      0x10c ./Drivers/BSP/Components/lis2mdl.o
                0x0000000008004324                LIS2MDL_Init
 .text.LIS2MDL_DeInit
                0x0000000008004430       0x2c ./Drivers/BSP/Components/lis2mdl.o
                0x0000000008004430                LIS2MDL_DeInit
 .text.LIS2MDL_ReadID
                0x000000000800445c       0x4c ./Drivers/BSP/Components/lis2mdl.o
                0x000000000800445c                LIS2MDL_ReadID
 .text.LIS2MDL_GetCapabilities
                0x00000000080044a8       0x5c ./Drivers/BSP/Components/lis2mdl.o
                0x00000000080044a8                LIS2MDL_GetCapabilities
 .text.LIS2MDL_MAG_Enable
                0x0000000008004504       0x84 ./Drivers/BSP/Components/lis2mdl.o
                0x0000000008004504                LIS2MDL_MAG_Enable
 .text.LIS2MDL_MAG_Disable
                0x0000000008004588       0x86 ./Drivers/BSP/Components/lis2mdl.o
                0x0000000008004588                LIS2MDL_MAG_Disable
 .text.LIS2MDL_MAG_GetSensitivity
                0x000000000800460e       0x20 ./Drivers/BSP/Components/lis2mdl.o
                0x000000000800460e                LIS2MDL_MAG_GetSensitivity
 *fill*         0x000000000800462e        0x2 
 .text.LIS2MDL_MAG_GetOutputDataRate
                0x0000000008004630       0x8c ./Drivers/BSP/Components/lis2mdl.o
                0x0000000008004630                LIS2MDL_MAG_GetOutputDataRate
 .text.LIS2MDL_MAG_SetOutputDataRate
                0x00000000080046bc       0xc8 ./Drivers/BSP/Components/lis2mdl.o
                0x00000000080046bc                LIS2MDL_MAG_SetOutputDataRate
 .text.LIS2MDL_MAG_GetFullScale
                0x0000000008004784       0x1e ./Drivers/BSP/Components/lis2mdl.o
                0x0000000008004784                LIS2MDL_MAG_GetFullScale
 .text.LIS2MDL_MAG_SetFullScale
                0x00000000080047a2       0x18 ./Drivers/BSP/Components/lis2mdl.o
                0x00000000080047a2                LIS2MDL_MAG_SetFullScale
 .text.LIS2MDL_MAG_GetAxesRaw
                0x00000000080047ba       0x48 ./Drivers/BSP/Components/lis2mdl.o
                0x00000000080047ba                LIS2MDL_MAG_GetAxesRaw
 .text.LIS2MDL_MAG_GetAxes
                0x0000000008004802      0x114 ./Drivers/BSP/Components/lis2mdl.o
                0x0000000008004802                LIS2MDL_MAG_GetAxes
 .text.LIS2MDL_Write_Reg
                0x0000000008004916       0x56 ./Drivers/BSP/Components/lis2mdl.o
                0x0000000008004916                LIS2MDL_Write_Reg
 .text.ReadMagRegWrap
                0x000000000800496c       0x82 ./Drivers/BSP/Components/lis2mdl.o
 .text.WriteMagRegWrap
                0x00000000080049ee       0x82 ./Drivers/BSP/Components/lis2mdl.o
 .text.LSM6DSOX_SENSORHUB_LIS2MDL_ReadShData
                0x0000000008004a70      0x27e ./Drivers/BSP/Components/lis2mdl.o
 .text.LSM6DSOX_SENSORHUB_LIS2MDL_WriteShData
                0x0000000008004cee      0x23c ./Drivers/BSP/Components/lis2mdl.o
 .text.lis2mdl_read_reg
                0x0000000008004f2a       0x30 ./Drivers/BSP/Components/lis2mdl_reg.o
                0x0000000008004f2a                lis2mdl_read_reg
 .text.lis2mdl_write_reg
                0x0000000008004f5a       0x30 ./Drivers/BSP/Components/lis2mdl_reg.o
                0x0000000008004f5a                lis2mdl_write_reg
 .text.lis2mdl_operating_mode_set
                0x0000000008004f8a       0x4c ./Drivers/BSP/Components/lis2mdl_reg.o
                0x0000000008004f8a                lis2mdl_operating_mode_set
 .text.lis2mdl_data_rate_set
                0x0000000008004fd6       0x4c ./Drivers/BSP/Components/lis2mdl_reg.o
                0x0000000008004fd6                lis2mdl_data_rate_set
 *fill*         0x0000000008005022        0x2 
 .text.lis2mdl_data_rate_get
                0x0000000008005024       0x70 ./Drivers/BSP/Components/lis2mdl_reg.o
                0x0000000008005024                lis2mdl_data_rate_get
 .text.lis2mdl_block_data_update_set
                0x0000000008005094       0x4c ./Drivers/BSP/Components/lis2mdl_reg.o
                0x0000000008005094                lis2mdl_block_data_update_set
 .text.lis2mdl_magnetic_raw_get
                0x00000000080050e0       0x96 ./Drivers/BSP/Components/lis2mdl_reg.o
                0x00000000080050e0                lis2mdl_magnetic_raw_get
 .text.lis2mdl_device_id_get
                0x0000000008005176       0x22 ./Drivers/BSP/Components/lis2mdl_reg.o
                0x0000000008005176                lis2mdl_device_id_get
 .text.lis2mdl_self_test_set
                0x0000000008005198       0x4c ./Drivers/BSP/Components/lis2mdl_reg.o
                0x0000000008005198                lis2mdl_self_test_set
 .text.lis2mdl_i2c_interface_set
                0x00000000080051e4       0x4c ./Drivers/BSP/Components/lis2mdl_reg.o
                0x00000000080051e4                lis2mdl_i2c_interface_set
 .text.LPS22HH_RegisterBusIO
                0x0000000008005230       0xd4 ./Drivers/BSP/Components/lps22hh.o
                0x0000000008005230                LPS22HH_RegisterBusIO
 .text.LPS22HH_Init
                0x0000000008005304       0x36 ./Drivers/BSP/Components/lps22hh.o
                0x0000000008005304                LPS22HH_Init
 .text.LPS22HH_DeInit
                0x000000000800533a       0x48 ./Drivers/BSP/Components/lps22hh.o
                0x000000000800533a                LPS22HH_DeInit
 .text.LPS22HH_ReadID
                0x0000000008005382       0x2c ./Drivers/BSP/Components/lps22hh.o
                0x0000000008005382                LPS22HH_ReadID
 *fill*         0x00000000080053ae        0x2 
 .text.LPS22HH_GetCapabilities
                0x00000000080053b0       0x58 ./Drivers/BSP/Components/lps22hh.o
                0x00000000080053b0                LPS22HH_GetCapabilities
 .text.LPS22HH_PRESS_Enable
                0x0000000008005408       0x48 ./Drivers/BSP/Components/lps22hh.o
                0x0000000008005408                LPS22HH_PRESS_Enable
 .text.LPS22HH_PRESS_Disable
                0x0000000008005450       0x68 ./Drivers/BSP/Components/lps22hh.o
                0x0000000008005450                LPS22HH_PRESS_Disable
 .text.LPS22HH_PRESS_GetOutputDataRate
                0x00000000080054b8       0x1c ./Drivers/BSP/Components/lps22hh.o
                0x00000000080054b8                LPS22HH_PRESS_GetOutputDataRate
 .text.LPS22HH_PRESS_SetOutputDataRate
                0x00000000080054d4       0x38 ./Drivers/BSP/Components/lps22hh.o
                0x00000000080054d4                LPS22HH_PRESS_SetOutputDataRate
 .text.LPS22HH_PRESS_GetPressure
                0x000000000800550c       0x50 ./Drivers/BSP/Components/lps22hh.o
                0x000000000800550c                LPS22HH_PRESS_GetPressure
 .text.LPS22HH_TEMP_Enable
                0x000000000800555c       0x48 ./Drivers/BSP/Components/lps22hh.o
                0x000000000800555c                LPS22HH_TEMP_Enable
 .text.LPS22HH_TEMP_Disable
                0x00000000080055a4       0x68 ./Drivers/BSP/Components/lps22hh.o
                0x00000000080055a4                LPS22HH_TEMP_Disable
 .text.LPS22HH_TEMP_GetOutputDataRate
                0x000000000800560c       0x1c ./Drivers/BSP/Components/lps22hh.o
                0x000000000800560c                LPS22HH_TEMP_GetOutputDataRate
 .text.LPS22HH_TEMP_SetOutputDataRate
                0x0000000008005628       0x38 ./Drivers/BSP/Components/lps22hh.o
                0x0000000008005628                LPS22HH_TEMP_SetOutputDataRate
 .text.LPS22HH_TEMP_GetTemperature
                0x0000000008005660       0x52 ./Drivers/BSP/Components/lps22hh.o
                0x0000000008005660                LPS22HH_TEMP_GetTemperature
 .text.LPS22HH_Write_Reg
                0x00000000080056b2       0x36 ./Drivers/BSP/Components/lps22hh.o
                0x00000000080056b2                LPS22HH_Write_Reg
 .text.LPS22HH_GetOutputDataRate
                0x00000000080056e8       0xc8 ./Drivers/BSP/Components/lps22hh.o
 .text.LPS22HH_SetOutputDataRate_When_Enabled
                0x00000000080057b0       0xe4 ./Drivers/BSP/Components/lps22hh.o
 .text.LPS22HH_SetOutputDataRate_When_Disabled
                0x0000000008005894       0xb4 ./Drivers/BSP/Components/lps22hh.o
 .text.LPS22HH_Initialize
                0x0000000008005948       0x9a ./Drivers/BSP/Components/lps22hh.o
 .text.ReadRegWrap
                0x00000000080059e2       0x36 ./Drivers/BSP/Components/lps22hh.o
 .text.WriteRegWrap
                0x0000000008005a18       0x36 ./Drivers/BSP/Components/lps22hh.o
 .text.lps22hh_read_reg
                0x0000000008005a4e       0x30 ./Drivers/BSP/Components/lps22hh_reg.o
                0x0000000008005a4e                lps22hh_read_reg
 .text.lps22hh_write_reg
                0x0000000008005a7e       0x30 ./Drivers/BSP/Components/lps22hh_reg.o
                0x0000000008005a7e                lps22hh_write_reg
 *fill*         0x0000000008005aae        0x2 
 .text.lps22hh_from_lsb_to_hpa
                0x0000000008005ab0       0x30 ./Drivers/BSP/Components/lps22hh_reg.o
                0x0000000008005ab0                lps22hh_from_lsb_to_hpa
 .text.lps22hh_from_lsb_to_celsius
                0x0000000008005ae0       0x34 ./Drivers/BSP/Components/lps22hh_reg.o
                0x0000000008005ae0                lps22hh_from_lsb_to_celsius
 .text.lps22hh_block_data_update_set
                0x0000000008005b14       0x4c ./Drivers/BSP/Components/lps22hh_reg.o
                0x0000000008005b14                lps22hh_block_data_update_set
 .text.lps22hh_data_rate_set
                0x0000000008005b60       0x9c ./Drivers/BSP/Components/lps22hh_reg.o
                0x0000000008005b60                lps22hh_data_rate_set
 .text.lps22hh_data_rate_get
                0x0000000008005bfc      0x150 ./Drivers/BSP/Components/lps22hh_reg.o
                0x0000000008005bfc                lps22hh_data_rate_get
 .text.lps22hh_pressure_raw_get
                0x0000000008005d4c       0x52 ./Drivers/BSP/Components/lps22hh_reg.o
                0x0000000008005d4c                lps22hh_pressure_raw_get
 .text.lps22hh_temperature_raw_get
                0x0000000008005d9e       0x46 ./Drivers/BSP/Components/lps22hh_reg.o
                0x0000000008005d9e                lps22hh_temperature_raw_get
 .text.lps22hh_device_id_get
                0x0000000008005de4       0x22 ./Drivers/BSP/Components/lps22hh_reg.o
                0x0000000008005de4                lps22hh_device_id_get
 .text.lps22hh_auto_increment_set
                0x0000000008005e06       0x4c ./Drivers/BSP/Components/lps22hh_reg.o
                0x0000000008005e06                lps22hh_auto_increment_set
 .text.lps22hh_lp_bandwidth_set
                0x0000000008005e52       0x4c ./Drivers/BSP/Components/lps22hh_reg.o
                0x0000000008005e52                lps22hh_lp_bandwidth_set
 .text.lps22hh_i3c_interface_set
                0x0000000008005e9e       0x5e ./Drivers/BSP/Components/lps22hh_reg.o
                0x0000000008005e9e                lps22hh_i3c_interface_set
 .text.LSM6DSO_RegisterBusIO
                0x0000000008005efc       0xd4 ./Drivers/BSP/Components/lsm6dso.o
                0x0000000008005efc                LSM6DSO_RegisterBusIO
 .text.LSM6DSO_Init
                0x0000000008005fd0       0xf2 ./Drivers/BSP/Components/lsm6dso.o
                0x0000000008005fd0                LSM6DSO_Init
 .text.LSM6DSO_DeInit
                0x00000000080060c2       0x4e ./Drivers/BSP/Components/lsm6dso.o
                0x00000000080060c2                LSM6DSO_DeInit
 .text.LSM6DSO_ReadID
                0x0000000008006110       0x2c ./Drivers/BSP/Components/lsm6dso.o
                0x0000000008006110                LSM6DSO_ReadID
 .text.LSM6DSO_GetCapabilities
                0x000000000800613c       0x5c ./Drivers/BSP/Components/lsm6dso.o
                0x000000000800613c                LSM6DSO_GetCapabilities
 .text.LSM6DSO_ACC_Enable
                0x0000000008006198       0x48 ./Drivers/BSP/Components/lsm6dso.o
                0x0000000008006198                LSM6DSO_ACC_Enable
 .text.LSM6DSO_ACC_Disable
                0x00000000080061e0       0x5e ./Drivers/BSP/Components/lsm6dso.o
                0x00000000080061e0                LSM6DSO_ACC_Disable
 *fill*         0x000000000800623e        0x2 
 .text.LSM6DSO_ACC_GetSensitivity
                0x0000000008006240       0x8c ./Drivers/BSP/Components/lsm6dso.o
                0x0000000008006240                LSM6DSO_ACC_GetSensitivity
 .text.LSM6DSO_ACC_GetOutputDataRate
                0x00000000080062cc      0x108 ./Drivers/BSP/Components/lsm6dso.o
                0x00000000080062cc                LSM6DSO_ACC_GetOutputDataRate
 .text.LSM6DSO_ACC_SetOutputDataRate
                0x00000000080063d4       0x22 ./Drivers/BSP/Components/lsm6dso.o
                0x00000000080063d4                LSM6DSO_ACC_SetOutputDataRate
 *fill*         0x00000000080063f6        0x2 
 .text.LSM6DSO_ACC_SetOutputDataRate_With_Mode
                0x00000000080063f8      0x33c ./Drivers/BSP/Components/lsm6dso.o
                0x00000000080063f8                LSM6DSO_ACC_SetOutputDataRate_With_Mode
 .text.LSM6DSO_ACC_GetFullScale
                0x0000000008006734       0x7c ./Drivers/BSP/Components/lsm6dso.o
                0x0000000008006734                LSM6DSO_ACC_GetFullScale
 .text.LSM6DSO_ACC_SetFullScale
                0x00000000080067b0       0x50 ./Drivers/BSP/Components/lsm6dso.o
                0x00000000080067b0                LSM6DSO_ACC_SetFullScale
 .text.LSM6DSO_ACC_GetAxesRaw
                0x0000000008006800       0x48 ./Drivers/BSP/Components/lsm6dso.o
                0x0000000008006800                LSM6DSO_ACC_GetAxesRaw
 .text.LSM6DSO_ACC_GetAxes
                0x0000000008006848       0xae ./Drivers/BSP/Components/lsm6dso.o
                0x0000000008006848                LSM6DSO_ACC_GetAxes
 .text.LSM6DSO_GYRO_Enable
                0x00000000080068f6       0x48 ./Drivers/BSP/Components/lsm6dso.o
                0x00000000080068f6                LSM6DSO_GYRO_Enable
 .text.LSM6DSO_GYRO_Disable
                0x000000000800693e       0x5e ./Drivers/BSP/Components/lsm6dso.o
                0x000000000800693e                LSM6DSO_GYRO_Disable
 .text.LSM6DSO_GYRO_GetSensitivity
                0x000000000800699c       0xa4 ./Drivers/BSP/Components/lsm6dso.o
                0x000000000800699c                LSM6DSO_GYRO_GetSensitivity
 .text.LSM6DSO_GYRO_GetOutputDataRate
                0x0000000008006a40       0xf8 ./Drivers/BSP/Components/lsm6dso.o
                0x0000000008006a40                LSM6DSO_GYRO_GetOutputDataRate
 .text.LSM6DSO_GYRO_SetOutputDataRate
                0x0000000008006b38       0x22 ./Drivers/BSP/Components/lsm6dso.o
                0x0000000008006b38                LSM6DSO_GYRO_SetOutputDataRate
 *fill*         0x0000000008006b5a        0x2 
 .text.LSM6DSO_GYRO_SetOutputDataRate_With_Mode
                0x0000000008006b5c      0x12c ./Drivers/BSP/Components/lsm6dso.o
                0x0000000008006b5c                LSM6DSO_GYRO_SetOutputDataRate_With_Mode
 .text.LSM6DSO_GYRO_GetFullScale
                0x0000000008006c88       0x94 ./Drivers/BSP/Components/lsm6dso.o
                0x0000000008006c88                LSM6DSO_GYRO_GetFullScale
 .text.LSM6DSO_GYRO_SetFullScale
                0x0000000008006d1c       0x5e ./Drivers/BSP/Components/lsm6dso.o
                0x0000000008006d1c                LSM6DSO_GYRO_SetFullScale
 .text.LSM6DSO_GYRO_GetAxesRaw
                0x0000000008006d7a       0x48 ./Drivers/BSP/Components/lsm6dso.o
                0x0000000008006d7a                LSM6DSO_GYRO_GetAxesRaw
 .text.LSM6DSO_GYRO_GetAxes
                0x0000000008006dc2       0xa8 ./Drivers/BSP/Components/lsm6dso.o
                0x0000000008006dc2                LSM6DSO_GYRO_GetAxes
 .text.LSM6DSO_Write_Reg
                0x0000000008006e6a       0x36 ./Drivers/BSP/Components/lsm6dso.o
                0x0000000008006e6a                LSM6DSO_Write_Reg
 .text.LSM6DSO_ACC_SetOutputDataRate_When_Enabled
                0x0000000008006ea0      0x130 ./Drivers/BSP/Components/lsm6dso.o
 .text.LSM6DSO_ACC_SetOutputDataRate_When_Disabled
                0x0000000008006fd0      0x120 ./Drivers/BSP/Components/lsm6dso.o
 .text.LSM6DSO_GYRO_SetOutputDataRate_When_Enabled
                0x00000000080070f0      0x118 ./Drivers/BSP/Components/lsm6dso.o
 .text.LSM6DSO_GYRO_SetOutputDataRate_When_Disabled
                0x0000000008007208      0x104 ./Drivers/BSP/Components/lsm6dso.o
 .text.ReadRegWrap
                0x000000000800730c       0x36 ./Drivers/BSP/Components/lsm6dso.o
 .text.WriteRegWrap
                0x0000000008007342       0x36 ./Drivers/BSP/Components/lsm6dso.o
 .text.lsm6dso_read_reg
                0x0000000008007378       0x30 ./Drivers/BSP/Components/lsm6dso_reg.o
                0x0000000008007378                lsm6dso_read_reg
 .text.lsm6dso_write_reg
                0x00000000080073a8       0x30 ./Drivers/BSP/Components/lsm6dso_reg.o
                0x00000000080073a8                lsm6dso_write_reg
 .text.lsm6dso_xl_full_scale_set
                0x00000000080073d8       0x4c ./Drivers/BSP/Components/lsm6dso_reg.o
                0x00000000080073d8                lsm6dso_xl_full_scale_set
 .text.lsm6dso_xl_full_scale_get
                0x0000000008007424       0x70 ./Drivers/BSP/Components/lsm6dso_reg.o
                0x0000000008007424                lsm6dso_xl_full_scale_get
 .text.lsm6dso_xl_data_rate_set
                0x0000000008007494      0x1f4 ./Drivers/BSP/Components/lsm6dso_reg.o
                0x0000000008007494                lsm6dso_xl_data_rate_set
 .text.lsm6dso_xl_data_rate_get
                0x0000000008007688       0xd0 ./Drivers/BSP/Components/lsm6dso_reg.o
                0x0000000008007688                lsm6dso_xl_data_rate_get
 .text.lsm6dso_gy_full_scale_set
                0x0000000008007758       0x4c ./Drivers/BSP/Components/lsm6dso_reg.o
                0x0000000008007758                lsm6dso_gy_full_scale_set
 .text.lsm6dso_gy_full_scale_get
                0x00000000080077a4       0x84 ./Drivers/BSP/Components/lsm6dso_reg.o
                0x00000000080077a4                lsm6dso_gy_full_scale_get
 .text.lsm6dso_gy_data_rate_set
                0x0000000008007828      0x1f4 ./Drivers/BSP/Components/lsm6dso_reg.o
                0x0000000008007828                lsm6dso_gy_data_rate_set
 .text.lsm6dso_gy_data_rate_get
                0x0000000008007a1c       0xc4 ./Drivers/BSP/Components/lsm6dso_reg.o
                0x0000000008007a1c                lsm6dso_gy_data_rate_get
 .text.lsm6dso_block_data_update_set
                0x0000000008007ae0       0x4c ./Drivers/BSP/Components/lsm6dso_reg.o
                0x0000000008007ae0                lsm6dso_block_data_update_set
 .text.lsm6dso_angular_rate_raw_get
                0x0000000008007b2c       0x96 ./Drivers/BSP/Components/lsm6dso_reg.o
                0x0000000008007b2c                lsm6dso_angular_rate_raw_get
 .text.lsm6dso_acceleration_raw_get
                0x0000000008007bc2       0x96 ./Drivers/BSP/Components/lsm6dso_reg.o
                0x0000000008007bc2                lsm6dso_acceleration_raw_get
 .text.lsm6dso_mem_bank_set
                0x0000000008007c58       0x3a ./Drivers/BSP/Components/lsm6dso_reg.o
                0x0000000008007c58                lsm6dso_mem_bank_set
 .text.lsm6dso_device_id_get
                0x0000000008007c92       0x22 ./Drivers/BSP/Components/lsm6dso_reg.o
                0x0000000008007c92                lsm6dso_device_id_get
 .text.lsm6dso_auto_increment_set
                0x0000000008007cb4       0x4c ./Drivers/BSP/Components/lsm6dso_reg.o
                0x0000000008007cb4                lsm6dso_auto_increment_set
 .text.lsm6dso_i3c_disable_set
                0x0000000008007d00       0x90 ./Drivers/BSP/Components/lsm6dso_reg.o
                0x0000000008007d00                lsm6dso_i3c_disable_set
 .text.lsm6dso_fifo_mode_set
                0x0000000008007d90       0x4c ./Drivers/BSP/Components/lsm6dso_reg.o
                0x0000000008007d90                lsm6dso_fifo_mode_set
 .text.lsm6dso_fsm_enable_get
                0x0000000008007ddc       0x42 ./Drivers/BSP/Components/lsm6dso_reg.o
                0x0000000008007ddc                lsm6dso_fsm_enable_get
 *fill*         0x0000000008007e1e        0x2 
 .text.lsm6dso_fsm_data_rate_get
                0x0000000008007e20       0x9c ./Drivers/BSP/Components/lsm6dso_reg.o
                0x0000000008007e20                lsm6dso_fsm_data_rate_get
 .text.STTS751_RegisterBusIO
                0x0000000008007ebc       0x94 ./Drivers/BSP/Components/stts751.o
                0x0000000008007ebc                STTS751_RegisterBusIO
 .text.STTS751_Init
                0x0000000008007f50       0x74 ./Drivers/BSP/Components/stts751.o
                0x0000000008007f50                STTS751_Init
 .text.STTS751_DeInit
                0x0000000008007fc4       0x36 ./Drivers/BSP/Components/stts751.o
                0x0000000008007fc4                STTS751_DeInit
 .text.STTS751_ReadID
                0x0000000008007ffa       0x36 ./Drivers/BSP/Components/stts751.o
                0x0000000008007ffa                STTS751_ReadID
 .text.STTS751_GetCapabilities
                0x0000000008008030       0x56 ./Drivers/BSP/Components/stts751.o
                0x0000000008008030                STTS751_GetCapabilities
 .text.STTS751_TEMP_Enable
                0x0000000008008086       0x44 ./Drivers/BSP/Components/stts751.o
                0x0000000008008086                STTS751_TEMP_Enable
 .text.STTS751_TEMP_Disable
                0x00000000080080ca       0x58 ./Drivers/BSP/Components/stts751.o
                0x00000000080080ca                STTS751_TEMP_Disable
 *fill*         0x0000000008008122        0x2 
 .text.STTS751_TEMP_GetOutputDataRate
                0x0000000008008124       0xf4 ./Drivers/BSP/Components/stts751.o
                0x0000000008008124                STTS751_TEMP_GetOutputDataRate
 .text.STTS751_TEMP_SetOutputDataRate
                0x0000000008008218      0x184 ./Drivers/BSP/Components/stts751.o
                0x0000000008008218                STTS751_TEMP_SetOutputDataRate
 .text.STTS751_TEMP_GetTemperature
                0x000000000800839c       0x44 ./Drivers/BSP/Components/stts751.o
                0x000000000800839c                STTS751_TEMP_GetTemperature
 .text.ReadRegWrap
                0x00000000080083e0       0x6e ./Drivers/BSP/Components/stts751.o
 .text.WriteRegWrap
                0x000000000800844e       0x6e ./Drivers/BSP/Components/stts751.o
 .text.stts751_read_reg
                0x00000000080084bc       0x30 ./Drivers/BSP/Components/stts751_reg.o
                0x00000000080084bc                stts751_read_reg
 .text.stts751_write_reg
                0x00000000080084ec       0x30 ./Drivers/BSP/Components/stts751_reg.o
                0x00000000080084ec                stts751_write_reg
 .text.stts751_from_lsb_to_celsius
                0x000000000800851c       0x34 ./Drivers/BSP/Components/stts751_reg.o
                0x000000000800851c                stts751_from_lsb_to_celsius
 .text.stts751_temp_data_rate_set
                0x0000000008008550       0xac ./Drivers/BSP/Components/stts751_reg.o
                0x0000000008008550                stts751_temp_data_rate_set
 .text.stts751_temp_data_rate_get
                0x00000000080085fc      0x100 ./Drivers/BSP/Components/stts751_reg.o
                0x00000000080085fc                stts751_temp_data_rate_get
 .text.stts751_resolution_set
                0x00000000080086fc       0x4c ./Drivers/BSP/Components/stts751_reg.o
                0x00000000080086fc                stts751_resolution_set
 .text.stts751_resolution_get
                0x0000000008008748       0x70 ./Drivers/BSP/Components/stts751_reg.o
                0x0000000008008748                stts751_resolution_get
 .text.stts751_temperature_raw_get
                0x00000000080087b8       0x5e ./Drivers/BSP/Components/stts751_reg.o
                0x00000000080087b8                stts751_temperature_raw_get
 .text.stts751_pin_event_route_set
                0x0000000008008816       0x4c ./Drivers/BSP/Components/stts751_reg.o
                0x0000000008008816                stts751_pin_event_route_set
 .text.stts751_device_id_get
                0x0000000008008862       0x4e ./Drivers/BSP/Components/stts751_reg.o
                0x0000000008008862                stts751_device_id_get
 .text.IKS01A3_ENV_SENSOR_Init
                0x00000000080088b0      0x21c ./Drivers/BSP/IKS01A3/iks01a3_env_sensors.o
                0x00000000080088b0                IKS01A3_ENV_SENSOR_Init
 .text.IKS01A3_ENV_SENSOR_GetCapabilities
                0x0000000008008acc       0x54 ./Drivers/BSP/IKS01A3/iks01a3_env_sensors.o
                0x0000000008008acc                IKS01A3_ENV_SENSOR_GetCapabilities
 .text.IKS01A3_ENV_SENSOR_GetValue
                0x0000000008008b20       0x84 ./Drivers/BSP/IKS01A3/iks01a3_env_sensors.o
                0x0000000008008b20                IKS01A3_ENV_SENSOR_GetValue
 .text.HTS221_0_Probe
                0x0000000008008ba4      0x194 ./Drivers/BSP/IKS01A3/iks01a3_env_sensors.o
 .text.LPS22HH_0_Probe
                0x0000000008008d38      0x198 ./Drivers/BSP/IKS01A3/iks01a3_env_sensors.o
 .text.STTS751_0_Probe
                0x0000000008008ed0      0x164 ./Drivers/BSP/IKS01A3/iks01a3_env_sensors.o
 .text.IKS01A3_MOTION_SENSOR_Init
                0x0000000008009034      0x1f8 ./Drivers/BSP/IKS01A3/iks01a3_motion_sensors.o
                0x0000000008009034                IKS01A3_MOTION_SENSOR_Init
 .text.IKS01A3_MOTION_SENSOR_GetCapabilities
                0x000000000800922c       0x54 ./Drivers/BSP/IKS01A3/iks01a3_motion_sensors.o
                0x000000000800922c                IKS01A3_MOTION_SENSOR_GetCapabilities
 .text.IKS01A3_MOTION_SENSOR_GetAxes
                0x0000000008009280       0x88 ./Drivers/BSP/IKS01A3/iks01a3_motion_sensors.o
                0x0000000008009280                IKS01A3_MOTION_SENSOR_GetAxes
 .text.LSM6DSO_0_Probe
                0x0000000008009308      0x180 ./Drivers/BSP/IKS01A3/iks01a3_motion_sensors.o
 .text.LIS2DW12_0_Probe
                0x0000000008009488      0x150 ./Drivers/BSP/IKS01A3/iks01a3_motion_sensors.o
 .text.LIS2MDL_0_Probe
                0x00000000080095d8      0x150 ./Drivers/BSP/IKS01A3/iks01a3_motion_sensors.o
 .text.BSP_LED_Init
                0x0000000008009728       0x24 ./Drivers/BSP/STM32L4xx_Nucleo/stm32l4xx_nucleo.o
                0x0000000008009728                BSP_LED_Init
 .text.LED_USER_GPIO_Init
                0x000000000800974c       0x7c ./Drivers/BSP/STM32L4xx_Nucleo/stm32l4xx_nucleo.o
 .text.BSP_PB_Init
                0x00000000080097c8       0xa8 ./Drivers/BSP/STM32L4xx_Nucleo/stm32l4xx_nucleo.o
                0x00000000080097c8                BSP_PB_Init
 .text.BSP_PB_GetState
                0x0000000008009870       0x38 ./Drivers/BSP/STM32L4xx_Nucleo/stm32l4xx_nucleo.o
                0x0000000008009870                BSP_PB_GetState
 .text.BUTTON_USER_EXTI_Callback
                0x00000000080098a8        0xe ./Drivers/BSP/STM32L4xx_Nucleo/stm32l4xx_nucleo.o
 *fill*         0x00000000080098b6        0x2 
 .text.BUTTON_USER_GPIO_Init
                0x00000000080098b8       0x74 ./Drivers/BSP/STM32L4xx_Nucleo/stm32l4xx_nucleo.o
 .text.BSP_COM_Init
                0x000000000800992c       0x7c ./Drivers/BSP/STM32L4xx_Nucleo/stm32l4xx_nucleo.o
                0x000000000800992c                BSP_COM_Init
 .text.MX_USART2_UART_Init
                0x00000000080099a8       0x68 ./Drivers/BSP/STM32L4xx_Nucleo/stm32l4xx_nucleo.o
                0x00000000080099a8                MX_USART2_UART_Init
 .text.__io_putchar
                0x0000000008009a10       0x38 ./Drivers/BSP/STM32L4xx_Nucleo/stm32l4xx_nucleo.o
                0x0000000008009a10                __io_putchar
 .text.USART2_MspInit
                0x0000000008009a48       0xbc ./Drivers/BSP/STM32L4xx_Nucleo/stm32l4xx_nucleo.o
 .text.SystemInit
                0x0000000008009b04       0x24 ./Drivers/CMSIS/system_stm32l4xx.o
                0x0000000008009b04                SystemInit
 .text.HAL_Init
                0x0000000008009b28       0x40 ./Drivers/STM32L4xx_HAL_Driver/stm32l4xx_hal.o
                0x0000000008009b28                HAL_Init
 .text.HAL_InitTick
                0x0000000008009b68       0x78 ./Drivers/STM32L4xx_HAL_Driver/stm32l4xx_hal.o
                0x0000000008009b68                HAL_InitTick
 .text.HAL_IncTick
                0x0000000008009be0       0x28 ./Drivers/STM32L4xx_HAL_Driver/stm32l4xx_hal.o
                0x0000000008009be0                HAL_IncTick
 .text.HAL_GetTick
                0x0000000008009c08       0x18 ./Drivers/STM32L4xx_HAL_Driver/stm32l4xx_hal.o
                0x0000000008009c08                HAL_GetTick
 .text.HAL_Delay
                0x0000000008009c20       0x48 ./Drivers/STM32L4xx_HAL_Driver/stm32l4xx_hal.o
                0x0000000008009c20                HAL_Delay
 .text.__NVIC_SetPriorityGrouping
                0x0000000008009c68       0x48 ./Drivers/STM32L4xx_HAL_Driver/stm32l4xx_hal_cortex.o
 .text.__NVIC_GetPriorityGrouping
                0x0000000008009cb0       0x1c ./Drivers/STM32L4xx_HAL_Driver/stm32l4xx_hal_cortex.o
 .text.__NVIC_EnableIRQ
                0x0000000008009ccc       0x3c ./Drivers/STM32L4xx_HAL_Driver/stm32l4xx_hal_cortex.o
 .text.__NVIC_SetPriority
                0x0000000008009d08       0x54 ./Drivers/STM32L4xx_HAL_Driver/stm32l4xx_hal_cortex.o
 .text.NVIC_EncodePriority
                0x0000000008009d5c       0x66 ./Drivers/STM32L4xx_HAL_Driver/stm32l4xx_hal_cortex.o
 *fill*         0x0000000008009dc2        0x2 
 .text.SysTick_Config
                0x0000000008009dc4       0x44 ./Drivers/STM32L4xx_HAL_Driver/stm32l4xx_hal_cortex.o
 .text.HAL_NVIC_SetPriorityGrouping
                0x0000000008009e08       0x16 ./Drivers/STM32L4xx_HAL_Driver/stm32l4xx_hal_cortex.o
                0x0000000008009e08                HAL_NVIC_SetPriorityGrouping
 .text.HAL_NVIC_SetPriority
                0x0000000008009e1e       0x38 ./Drivers/STM32L4xx_HAL_Driver/stm32l4xx_hal_cortex.o
                0x0000000008009e1e                HAL_NVIC_SetPriority
 .text.HAL_NVIC_EnableIRQ
                0x0000000008009e56       0x1c ./Drivers/STM32L4xx_HAL_Driver/stm32l4xx_hal_cortex.o
                0x0000000008009e56                HAL_NVIC_EnableIRQ
 .text.HAL_SYSTICK_Config
                0x0000000008009e72       0x18 ./Drivers/STM32L4xx_HAL_Driver/stm32l4xx_hal_cortex.o
                0x0000000008009e72                HAL_SYSTICK_Config
 .text.HAL_EXTI_RegisterCallback
                0x0000000008009e8a       0x34 ./Drivers/STM32L4xx_HAL_Driver/stm32l4xx_hal_exti.o
                0x0000000008009e8a                HAL_EXTI_RegisterCallback
 .text.HAL_EXTI_GetHandle
                0x0000000008009ebe       0x28 ./Drivers/STM32L4xx_HAL_Driver/stm32l4xx_hal_exti.o
                0x0000000008009ebe                HAL_EXTI_GetHandle
 *fill*         0x0000000008009ee6        0x2 
 .text.HAL_EXTI_IRQHandler
                0x0000000008009ee8       0x60 ./Drivers/STM32L4xx_HAL_Driver/stm32l4xx_hal_exti.o
                0x0000000008009ee8                HAL_EXTI_IRQHandler
 .text.HAL_GPIO_Init
                0x0000000008009f48      0x354 ./Drivers/STM32L4xx_HAL_Driver/stm32l4xx_hal_gpio.o
                0x0000000008009f48                HAL_GPIO_Init
 .text.HAL_GPIO_DeInit
                0x000000000800a29c      0x1e8 ./Drivers/STM32L4xx_HAL_Driver/stm32l4xx_hal_gpio.o
                0x000000000800a29c                HAL_GPIO_DeInit
 .text.HAL_GPIO_ReadPin
                0x000000000800a484       0x30 ./Drivers/STM32L4xx_HAL_Driver/stm32l4xx_hal_gpio.o
                0x000000000800a484                HAL_GPIO_ReadPin
 .text.HAL_GPIO_WritePin
                0x000000000800a4b4       0x30 ./Drivers/STM32L4xx_HAL_Driver/stm32l4xx_hal_gpio.o
                0x000000000800a4b4                HAL_GPIO_WritePin
 .text.HAL_GPIO_EXTI_IRQHandler
                0x000000000800a4e4       0x30 ./Drivers/STM32L4xx_HAL_Driver/stm32l4xx_hal_gpio.o
                0x000000000800a4e4                HAL_GPIO_EXTI_IRQHandler
 .text.HAL_GPIO_EXTI_Callback
                0x000000000800a514       0x16 ./Drivers/STM32L4xx_HAL_Driver/stm32l4xx_hal_gpio.o
                0x000000000800a514                HAL_GPIO_EXTI_Callback
 .text.HAL_I2C_Init
                0x000000000800a52a      0x136 ./Drivers/STM32L4xx_HAL_Driver/stm32l4xx_hal_i2c.o
                0x000000000800a52a                HAL_I2C_Init
 .text.HAL_I2C_DeInit
                0x000000000800a660       0x5e ./Drivers/STM32L4xx_HAL_Driver/stm32l4xx_hal_i2c.o
                0x000000000800a660                HAL_I2C_DeInit
 .text.HAL_I2C_MspInit
                0x000000000800a6be       0x14 ./Drivers/STM32L4xx_HAL_Driver/stm32l4xx_hal_i2c.o
                0x000000000800a6be                HAL_I2C_MspInit
 .text.HAL_I2C_MspDeInit
                0x000000000800a6d2       0x14 ./Drivers/STM32L4xx_HAL_Driver/stm32l4xx_hal_i2c.o
                0x000000000800a6d2                HAL_I2C_MspDeInit
 *fill*         0x000000000800a6e6        0x2 
 .text.HAL_I2C_Mem_Write
                0x000000000800a6e8      0x228 ./Drivers/STM32L4xx_HAL_Driver/stm32l4xx_hal_i2c.o
                0x000000000800a6e8                HAL_I2C_Mem_Write
 .text.HAL_I2C_Mem_Read
                0x000000000800a910      0x234 ./Drivers/STM32L4xx_HAL_Driver/stm32l4xx_hal_i2c.o
                0x000000000800a910                HAL_I2C_Mem_Read
 .text.HAL_I2C_GetState
                0x000000000800ab44       0x1c ./Drivers/STM32L4xx_HAL_Driver/stm32l4xx_hal_i2c.o
                0x000000000800ab44                HAL_I2C_GetState
 .text.HAL_I2C_GetError
                0x000000000800ab60       0x18 ./Drivers/STM32L4xx_HAL_Driver/stm32l4xx_hal_i2c.o
                0x000000000800ab60                HAL_I2C_GetError
 .text.I2C_RequestMemoryWrite
                0x000000000800ab78       0xa8 ./Drivers/STM32L4xx_HAL_Driver/stm32l4xx_hal_i2c.o
 .text.I2C_RequestMemoryRead
                0x000000000800ac20       0xa8 ./Drivers/STM32L4xx_HAL_Driver/stm32l4xx_hal_i2c.o
 .text.I2C_Flush_TXDR
                0x000000000800acc8       0x48 ./Drivers/STM32L4xx_HAL_Driver/stm32l4xx_hal_i2c.o
 .text.I2C_WaitOnFlagUntilTimeout
                0x000000000800ad10       0x9e ./Drivers/STM32L4xx_HAL_Driver/stm32l4xx_hal_i2c.o
 .text.I2C_WaitOnTXISFlagUntilTimeout
                0x000000000800adae       0x8e ./Drivers/STM32L4xx_HAL_Driver/stm32l4xx_hal_i2c.o
 .text.I2C_WaitOnSTOPFlagUntilTimeout
                0x000000000800ae3c       0x86 ./Drivers/STM32L4xx_HAL_Driver/stm32l4xx_hal_i2c.o
 *fill*         0x000000000800aec2        0x2 
 .text.I2C_IsErrorOccurred
                0x000000000800aec4      0x1c0 ./Drivers/STM32L4xx_HAL_Driver/stm32l4xx_hal_i2c.o
 .text.I2C_TransferConfig
                0x000000000800b084       0x64 ./Drivers/STM32L4xx_HAL_Driver/stm32l4xx_hal_i2c.o
 .text.HAL_I2CEx_ConfigAnalogFilter
                0x000000000800b0e8       0x96 ./Drivers/STM32L4xx_HAL_Driver/stm32l4xx_hal_i2c_ex.o
                0x000000000800b0e8                HAL_I2CEx_ConfigAnalogFilter
 .text.HAL_I2CEx_ConfigDigitalFilter
                0x000000000800b17e       0x98 ./Drivers/STM32L4xx_HAL_Driver/stm32l4xx_hal_i2c_ex.o
                0x000000000800b17e                HAL_I2CEx_ConfigDigitalFilter
 *fill*         0x000000000800b216        0x2 
 .text.HAL_PWREx_GetVoltageRange
                0x000000000800b218       0x1c ./Drivers/STM32L4xx_HAL_Driver/stm32l4xx_hal_pwr_ex.o
                0x000000000800b218                HAL_PWREx_GetVoltageRange
 .text.HAL_PWREx_ControlVoltageScaling
                0x000000000800b234       0xac ./Drivers/STM32L4xx_HAL_Driver/stm32l4xx_hal_pwr_ex.o
                0x000000000800b234                HAL_PWREx_ControlVoltageScaling
 .text.HAL_RCC_OscConfig
                0x000000000800b2e0      0x7b8 ./Drivers/STM32L4xx_HAL_Driver/stm32l4xx_hal_rcc.o
                0x000000000800b2e0                HAL_RCC_OscConfig
 .text.HAL_RCC_ClockConfig
                0x000000000800ba98      0x200 ./Drivers/STM32L4xx_HAL_Driver/stm32l4xx_hal_rcc.o
                0x000000000800ba98                HAL_RCC_ClockConfig
 .text.HAL_RCC_GetSysClockFreq
                0x000000000800bc98      0x118 ./Drivers/STM32L4xx_HAL_Driver/stm32l4xx_hal_rcc.o
                0x000000000800bc98                HAL_RCC_GetSysClockFreq
 .text.HAL_RCC_GetHCLKFreq
                0x000000000800bdb0       0x18 ./Drivers/STM32L4xx_HAL_Driver/stm32l4xx_hal_rcc.o
                0x000000000800bdb0                HAL_RCC_GetHCLKFreq
 .text.HAL_RCC_GetPCLK1Freq
                0x000000000800bdc8       0x2c ./Drivers/STM32L4xx_HAL_Driver/stm32l4xx_hal_rcc.o
                0x000000000800bdc8                HAL_RCC_GetPCLK1Freq
 .text.HAL_RCC_GetPCLK2Freq
                0x000000000800bdf4       0x2c ./Drivers/STM32L4xx_HAL_Driver/stm32l4xx_hal_rcc.o
                0x000000000800bdf4                HAL_RCC_GetPCLK2Freq
 .text.RCC_SetFlashLatencyFromMSIRange
                0x000000000800be20       0xc0 ./Drivers/STM32L4xx_HAL_Driver/stm32l4xx_hal_rcc.o
 .text.HAL_RCCEx_PeriphCLKConfig
                0x000000000800bee0      0x5d4 ./Drivers/STM32L4xx_HAL_Driver/stm32l4xx_hal_rcc_ex.o
                0x000000000800bee0                HAL_RCCEx_PeriphCLKConfig
 .text.RCCEx_PLLSAI1_Config
                0x000000000800c4b4      0x1e8 ./Drivers/STM32L4xx_HAL_Driver/stm32l4xx_hal_rcc_ex.o
 .text.RCCEx_PLLSAI2_Config
                0x000000000800c69c      0x1bc ./Drivers/STM32L4xx_HAL_Driver/stm32l4xx_hal_rcc_ex.o
 .text.HAL_UART_Init
                0x000000000800c858       0x9c ./Drivers/STM32L4xx_HAL_Driver/stm32l4xx_hal_uart.o
                0x000000000800c858                HAL_UART_Init
 .text.HAL_UART_Transmit
                0x000000000800c8f4      0x114 ./Drivers/STM32L4xx_HAL_Driver/stm32l4xx_hal_uart.o
                0x000000000800c8f4                HAL_UART_Transmit
 .text.HAL_UART_Receive
                0x000000000800ca08      0x192 ./Drivers/STM32L4xx_HAL_Driver/stm32l4xx_hal_uart.o
                0x000000000800ca08                HAL_UART_Receive
 *fill*         0x000000000800cb9a        0x2 
 .text.UART_SetConfig
                0x000000000800cb9c      0x570 ./Drivers/STM32L4xx_HAL_Driver/stm32l4xx_hal_uart.o
                0x000000000800cb9c                UART_SetConfig
 .text.UART_AdvFeatureConfig
                0x000000000800d10c      0x144 ./Drivers/STM32L4xx_HAL_Driver/stm32l4xx_hal_uart.o
                0x000000000800d10c                UART_AdvFeatureConfig
 .text.UART_CheckIdleState
                0x000000000800d250      0x150 ./Drivers/STM32L4xx_HAL_Driver/stm32l4xx_hal_uart.o
                0x000000000800d250                UART_CheckIdleState
 .text.UART_WaitOnFlagUntilTimeout
                0x000000000800d3a0       0xce ./Drivers/STM32L4xx_HAL_Driver/stm32l4xx_hal_uart.o
                0x000000000800d3a0                UART_WaitOnFlagUntilTimeout
 .text.UART_EndRxTransfer
                0x000000000800d46e       0xc8 ./Drivers/STM32L4xx_HAL_Driver/stm32l4xx_hal_uart.o
 .text.__cvt    0x000000000800d536       0xc4 C:/ST/STM32CubeIDE_1.14.1/STM32CubeIDE/plugins/com.st.stm32cube.ide.mcu.externaltools.gnu-tools-for-stm32.11.3.rel1.win32_1.1.100.202309141235/tools/bin/../lib/gcc/arm-none-eabi/11.3.1/../../../../arm-none-eabi/lib/thumb/v7e-m+fp/hard\libc_nano.a(libc_a-nano-vfprintf_float.o)
                0x000000000800d536                __cvt
 .text.__exponent
                0x000000000800d5fa       0x7c C:/ST/STM32CubeIDE_1.14.1/STM32CubeIDE/plugins/com.st.stm32cube.ide.mcu.externaltools.gnu-tools-for-stm32.11.3.rel1.win32_1.1.100.202309141235/tools/bin/../lib/gcc/arm-none-eabi/11.3.1/../../../../arm-none-eabi/lib/thumb/v7e-m+fp/hard\libc_nano.a(libc_a-nano-vfprintf_float.o)
                0x000000000800d5fa                __exponent
 *fill*         0x000000000800d676        0x2 
 .text._printf_float
                0x000000000800d678      0x46c C:/ST/STM32CubeIDE_1.14.1/STM32CubeIDE/plugins/com.st.stm32cube.ide.mcu.externaltools.gnu-tools-for-stm32.11.3.rel1.win32_1.1.100.202309141235/tools/bin/../lib/gcc/arm-none-eabi/11.3.1/../../../../arm-none-eabi/lib/thumb/v7e-m+fp/hard\libc_nano.a(libc_a-nano-vfprintf_float.o)
                0x000000000800d678                _printf_float
 .text._printf_common
                0x000000000800dae4       0xda C:/ST/STM32CubeIDE_1.14.1/STM32CubeIDE/plugins/com.st.stm32cube.ide.mcu.externaltools.gnu-tools-for-stm32.11.3.rel1.win32_1.1.100.202309141235/tools/bin/../lib/gcc/arm-none-eabi/11.3.1/../../../../arm-none-eabi/lib/thumb/v7e-m+fp/hard\libc_nano.a(libc_a-nano-vfprintf_i.o)
                0x000000000800dae4                _printf_common
 *fill*         0x000000000800dbbe        0x2 
 .text._printf_i
                0x000000000800dbc0      0x244 C:/ST/STM32CubeIDE_1.14.1/STM32CubeIDE/plugins/com.st.stm32cube.ide.mcu.externaltools.gnu-tools-for-stm32.11.3.rel1.win32_1.1.100.202309141235/tools/bin/../lib/gcc/arm-none-eabi/11.3.1/../../../../arm-none-eabi/lib/thumb/v7e-m+fp/hard\libc_nano.a(libc_a-nano-vfprintf_i.o)
                0x000000000800dbc0                _printf_i
 .text._scanf_float
                0x000000000800de04      0x420 C:/ST/STM32CubeIDE_1.14.1/STM32CubeIDE/plugins/com.st.stm32cube.ide.mcu.externaltools.gnu-tools-for-stm32.11.3.rel1.win32_1.1.100.202309141235/tools/bin/../lib/gcc/arm-none-eabi/11.3.1/../../../../arm-none-eabi/lib/thumb/v7e-m+fp/hard\libc_nano.a(libc_a-nano-vfscanf_float.o)
                0x000000000800de04                _scanf_float
 .text.std      0x000000000800e224       0x6c C:/ST/STM32CubeIDE_1.14.1/STM32CubeIDE/plugins/com.st.stm32cube.ide.mcu.externaltools.gnu-tools-for-stm32.11.3.rel1.win32_1.1.100.202309141235/tools/bin/../lib/gcc/arm-none-eabi/11.3.1/../../../../arm-none-eabi/lib/thumb/v7e-m+fp/hard\libc_nano.a(libc_a-findfp.o)
 .text.stdio_exit_handler
                0x000000000800e290       0x18 C:/ST/STM32CubeIDE_1.14.1/STM32CubeIDE/plugins/com.st.stm32cube.ide.mcu.externaltools.gnu-tools-for-stm32.11.3.rel1.win32_1.1.100.202309141235/tools/bin/../lib/gcc/arm-none-eabi/11.3.1/../../../../arm-none-eabi/lib/thumb/v7e-m+fp/hard\libc_nano.a(libc_a-findfp.o)
 .text.cleanup_stdio
                0x000000000800e2a8       0x40 C:/ST/STM32CubeIDE_1.14.1/STM32CubeIDE/plugins/com.st.stm32cube.ide.mcu.externaltools.gnu-tools-for-stm32.11.3.rel1.win32_1.1.100.202309141235/tools/bin/../lib/gcc/arm-none-eabi/11.3.1/../../../../arm-none-eabi/lib/thumb/v7e-m+fp/hard\libc_nano.a(libc_a-findfp.o)
 .text.global_stdio_init.part.0
                0x000000000800e2e8       0x3c C:/ST/STM32CubeIDE_1.14.1/STM32CubeIDE/plugins/com.st.stm32cube.ide.mcu.externaltools.gnu-tools-for-stm32.11.3.rel1.win32_1.1.100.202309141235/tools/bin/../lib/gcc/arm-none-eabi/11.3.1/../../../../arm-none-eabi/lib/thumb/v7e-m+fp/hard\libc_nano.a(libc_a-findfp.o)
 .text.__sfp_lock_acquire
                0x000000000800e324        0xc C:/ST/STM32CubeIDE_1.14.1/STM32CubeIDE/plugins/com.st.stm32cube.ide.mcu.externaltools.gnu-tools-for-stm32.11.3.rel1.win32_1.1.100.202309141235/tools/bin/../lib/gcc/arm-none-eabi/11.3.1/../../../../arm-none-eabi/lib/thumb/v7e-m+fp/hard\libc_nano.a(libc_a-findfp.o)
                0x000000000800e324                __sfp_lock_acquire
 .text.__sfp_lock_release
                0x000000000800e330        0xc C:/ST/STM32CubeIDE_1.14.1/STM32CubeIDE/plugins/com.st.stm32cube.ide.mcu.externaltools.gnu-tools-for-stm32.11.3.rel1.win32_1.1.100.202309141235/tools/bin/../lib/gcc/arm-none-eabi/11.3.1/../../../../arm-none-eabi/lib/thumb/v7e-m+fp/hard\libc_nano.a(libc_a-findfp.o)
                0x000000000800e330                __sfp_lock_release
 .text.__sinit  0x000000000800e33c       0x30 C:/ST/STM32CubeIDE_1.14.1/STM32CubeIDE/plugins/com.st.stm32cube.ide.mcu.externaltools.gnu-tools-for-stm32.11.3.rel1.win32_1.1.100.202309141235/tools/bin/../lib/gcc/arm-none-eabi/11.3.1/../../../../arm-none-eabi/lib/thumb/v7e-m+fp/hard\libc_nano.a(libc_a-findfp.o)
                0x000000000800e33c                __sinit
 .text._fwalk_sglue
                0x000000000800e36c       0x3c C:/ST/STM32CubeIDE_1.14.1/STM32CubeIDE/plugins/com.st.stm32cube.ide.mcu.externaltools.gnu-tools-for-stm32.11.3.rel1.win32_1.1.100.202309141235/tools/bin/../lib/gcc/arm-none-eabi/11.3.1/../../../../arm-none-eabi/lib/thumb/v7e-m+fp/hard\libc_nano.a(libc_a-fwalk.o)
                0x000000000800e36c                _fwalk_sglue
 .text.printf   0x000000000800e3a8       0x24 C:/ST/STM32CubeIDE_1.14.1/STM32CubeIDE/plugins/com.st.stm32cube.ide.mcu.externaltools.gnu-tools-for-stm32.11.3.rel1.win32_1.1.100.202309141235/tools/bin/../lib/gcc/arm-none-eabi/11.3.1/../../../../arm-none-eabi/lib/thumb/v7e-m+fp/hard\libc_nano.a(libc_a-printf.o)
                0x000000000800e3a8                iprintf
                0x000000000800e3a8                printf
 .text.snprintf
                0x000000000800e3cc       0x68 C:/ST/STM32CubeIDE_1.14.1/STM32CubeIDE/plugins/com.st.stm32cube.ide.mcu.externaltools.gnu-tools-for-stm32.11.3.rel1.win32_1.1.100.202309141235/tools/bin/../lib/gcc/arm-none-eabi/11.3.1/../../../../arm-none-eabi/lib/thumb/v7e-m+fp/hard\libc_nano.a(libc_a-snprintf.o)
                0x000000000800e3cc                sniprintf
                0x000000000800e3cc                snprintf
 .text.sprintf  0x000000000800e434       0x40 C:/ST/STM32CubeIDE_1.14.1/STM32CubeIDE/plugins/com.st.stm32cube.ide.mcu.externaltools.gnu-tools-for-stm32.11.3.rel1.win32_1.1.100.202309141235/tools/bin/../lib/gcc/arm-none-eabi/11.3.1/../../../../arm-none-eabi/lib/thumb/v7e-m+fp/hard\libc_nano.a(libc_a-sprintf.o)
                0x000000000800e434                siprintf
                0x000000000800e434                sprintf
 .text.__sread  0x000000000800e474       0x22 C:/ST/STM32CubeIDE_1.14.1/STM32CubeIDE/plugins/com.st.stm32cube.ide.mcu.externaltools.gnu-tools-for-stm32.11.3.rel1.win32_1.1.100.202309141235/tools/bin/../lib/gcc/arm-none-eabi/11.3.1/../../../../arm-none-eabi/lib/thumb/v7e-m+fp/hard\libc_nano.a(libc_a-stdio.o)
                0x000000000800e474                __sread
 .text.__swrite
                0x000000000800e496       0x38 C:/ST/STM32CubeIDE_1.14.1/STM32CubeIDE/plugins/com.st.stm32cube.ide.mcu.externaltools.gnu-tools-for-stm32.11.3.rel1.win32_1.1.100.202309141235/tools/bin/../lib/gcc/arm-none-eabi/11.3.1/../../../../arm-none-eabi/lib/thumb/v7e-m+fp/hard\libc_nano.a(libc_a-stdio.o)
                0x000000000800e496                __swrite
 .text.__sseek  0x000000000800e4ce       0x24 C:/ST/STM32CubeIDE_1.14.1/STM32CubeIDE/plugins/com.st.stm32cube.ide.mcu.externaltools.gnu-tools-for-stm32.11.3.rel1.win32_1.1.100.202309141235/tools/bin/../lib/gcc/arm-none-eabi/11.3.1/../../../../arm-none-eabi/lib/thumb/v7e-m+fp/hard\libc_nano.a(libc_a-stdio.o)
                0x000000000800e4ce                __sseek
 .text.__sclose
                0x000000000800e4f2        0x8 C:/ST/STM32CubeIDE_1.14.1/STM32CubeIDE/plugins/com.st.stm32cube.ide.mcu.externaltools.gnu-tools-for-stm32.11.3.rel1.win32_1.1.100.202309141235/tools/bin/../lib/gcc/arm-none-eabi/11.3.1/../../../../arm-none-eabi/lib/thumb/v7e-m+fp/hard\libc_nano.a(libc_a-stdio.o)
                0x000000000800e4f2                __sclose
 .text.memset   0x000000000800e4fa       0x10 C:/ST/STM32CubeIDE_1.14.1/STM32CubeIDE/plugins/com.st.stm32cube.ide.mcu.externaltools.gnu-tools-for-stm32.11.3.rel1.win32_1.1.100.202309141235/tools/bin/../lib/gcc/arm-none-eabi/11.3.1/../../../../arm-none-eabi/lib/thumb/v7e-m+fp/hard\libc_nano.a(libc_a-memset.o)
                0x000000000800e4fa                memset
 *fill*         0x000000000800e50a        0x2 
 .text._localeconv_r
                0x000000000800e50c        0x8 C:/ST/STM32CubeIDE_1.14.1/STM32CubeIDE/plugins/com.st.stm32cube.ide.mcu.externaltools.gnu-tools-for-stm32.11.3.rel1.win32_1.1.100.202309141235/tools/bin/../lib/gcc/arm-none-eabi/11.3.1/../../../../arm-none-eabi/lib/thumb/v7e-m+fp/hard\libc_nano.a(libc_a-localeconv.o)
                0x000000000800e50c                _localeconv_r
 .text._close_r
                0x000000000800e514       0x20 C:/ST/STM32CubeIDE_1.14.1/STM32CubeIDE/plugins/com.st.stm32cube.ide.mcu.externaltools.gnu-tools-for-stm32.11.3.rel1.win32_1.1.100.202309141235/tools/bin/../lib/gcc/arm-none-eabi/11.3.1/../../../../arm-none-eabi/lib/thumb/v7e-m+fp/hard\libc_nano.a(libc_a-closer.o)
                0x000000000800e514                _close_r
 .text._lseek_r
                0x000000000800e534       0x24 C:/ST/STM32CubeIDE_1.14.1/STM32CubeIDE/plugins/com.st.stm32cube.ide.mcu.externaltools.gnu-tools-for-stm32.11.3.rel1.win32_1.1.100.202309141235/tools/bin/../lib/gcc/arm-none-eabi/11.3.1/../../../../arm-none-eabi/lib/thumb/v7e-m+fp/hard\libc_nano.a(libc_a-lseekr.o)
                0x000000000800e534                _lseek_r
 .text._read_r  0x000000000800e558       0x24 C:/ST/STM32CubeIDE_1.14.1/STM32CubeIDE/plugins/com.st.stm32cube.ide.mcu.externaltools.gnu-tools-for-stm32.11.3.rel1.win32_1.1.100.202309141235/tools/bin/../lib/gcc/arm-none-eabi/11.3.1/../../../../arm-none-eabi/lib/thumb/v7e-m+fp/hard\libc_nano.a(libc_a-readr.o)
                0x000000000800e558                _read_r
 .text._write_r
                0x000000000800e57c       0x24 C:/ST/STM32CubeIDE_1.14.1/STM32CubeIDE/plugins/com.st.stm32cube.ide.mcu.externaltools.gnu-tools-for-stm32.11.3.rel1.win32_1.1.100.202309141235/tools/bin/../lib/gcc/arm-none-eabi/11.3.1/../../../../arm-none-eabi/lib/thumb/v7e-m+fp/hard\libc_nano.a(libc_a-writer.o)
                0x000000000800e57c                _write_r
 .text.__errno  0x000000000800e5a0        0xc C:/ST/STM32CubeIDE_1.14.1/STM32CubeIDE/plugins/com.st.stm32cube.ide.mcu.externaltools.gnu-tools-for-stm32.11.3.rel1.win32_1.1.100.202309141235/tools/bin/../lib/gcc/arm-none-eabi/11.3.1/../../../../arm-none-eabi/lib/thumb/v7e-m+fp/hard\libc_nano.a(libc_a-errno.o)
                0x000000000800e5a0                __errno
 .text.__libc_init_array
                0x000000000800e5ac       0x48 C:/ST/STM32CubeIDE_1.14.1/STM32CubeIDE/plugins/com.st.stm32cube.ide.mcu.externaltools.gnu-tools-for-stm32.11.3.rel1.win32_1.1.100.202309141235/tools/bin/../lib/gcc/arm-none-eabi/11.3.1/../../../../arm-none-eabi/lib/thumb/v7e-m+fp/hard\libc_nano.a(libc_a-init.o)
                0x000000000800e5ac                __libc_init_array
 .text.__retarget_lock_init_recursive
                0x000000000800e5f4        0x2 C:/ST/STM32CubeIDE_1.14.1/STM32CubeIDE/plugins/com.st.stm32cube.ide.mcu.externaltools.gnu-tools-for-stm32.11.3.rel1.win32_1.1.100.202309141235/tools/bin/../lib/gcc/arm-none-eabi/11.3.1/../../../../arm-none-eabi/lib/thumb/v7e-m+fp/hard\libc_nano.a(libc_a-lock.o)
                0x000000000800e5f4                __retarget_lock_init_recursive
 .text.__retarget_lock_acquire_recursive
                0x000000000800e5f6        0x2 C:/ST/STM32CubeIDE_1.14.1/STM32CubeIDE/plugins/com.st.stm32cube.ide.mcu.externaltools.gnu-tools-for-stm32.11.3.rel1.win32_1.1.100.202309141235/tools/bin/../lib/gcc/arm-none-eabi/11.3.1/../../../../arm-none-eabi/lib/thumb/v7e-m+fp/hard\libc_nano.a(libc_a-lock.o)
                0x000000000800e5f6                __retarget_lock_acquire_recursive
 .text.__retarget_lock_release_recursive
                0x000000000800e5f8        0x2 C:/ST/STM32CubeIDE_1.14.1/STM32CubeIDE/plugins/com.st.stm32cube.ide.mcu.externaltools.gnu-tools-for-stm32.11.3.rel1.win32_1.1.100.202309141235/tools/bin/../lib/gcc/arm-none-eabi/11.3.1/../../../../arm-none-eabi/lib/thumb/v7e-m+fp/hard\libc_nano.a(libc_a-lock.o)
                0x000000000800e5f8                __retarget_lock_release_recursive
 *fill*         0x000000000800e5fa        0x2 
 .text.nanf     0x000000000800e5fc        0xc C:/ST/STM32CubeIDE_1.14.1/STM32CubeIDE/plugins/com.st.stm32cube.ide.mcu.externaltools.gnu-tools-for-stm32.11.3.rel1.win32_1.1.100.202309141235/tools/bin/../lib/gcc/arm-none-eabi/11.3.1/../../../../arm-none-eabi/lib/thumb/v7e-m+fp/hard\libc_nano.a(libm_a-sf_nan.o)
                0x000000000800e5fc                nanf
 .text.quorem   0x000000000800e608      0x110 C:/ST/STM32CubeIDE_1.14.1/STM32CubeIDE/plugins/com.st.stm32cube.ide.mcu.externaltools.gnu-tools-for-stm32.11.3.rel1.win32_1.1.100.202309141235/tools/bin/../lib/gcc/arm-none-eabi/11.3.1/../../../../arm-none-eabi/lib/thumb/v7e-m+fp/hard\libc_nano.a(libc_a-dtoa.o)
 .text._dtoa_r  0x000000000800e718      0xbe4 C:/ST/STM32CubeIDE_1.14.1/STM32CubeIDE/plugins/com.st.stm32cube.ide.mcu.externaltools.gnu-tools-for-stm32.11.3.rel1.win32_1.1.100.202309141235/tools/bin/../lib/gcc/arm-none-eabi/11.3.1/../../../../arm-none-eabi/lib/thumb/v7e-m+fp/hard\libc_nano.a(libc_a-dtoa.o)
                0x000000000800e718                _dtoa_r
 .text._free_r  0x000000000800f2fc       0x98 C:/ST/STM32CubeIDE_1.14.1/STM32CubeIDE/plugins/com.st.stm32cube.ide.mcu.externaltools.gnu-tools-for-stm32.11.3.rel1.win32_1.1.100.202309141235/tools/bin/../lib/gcc/arm-none-eabi/11.3.1/../../../../arm-none-eabi/lib/thumb/v7e-m+fp/hard\libc_nano.a(libc_a-freer.o)
                0x000000000800f2fc                _free_r
 .text.malloc   0x000000000800f394       0x10 C:/ST/STM32CubeIDE_1.14.1/STM32CubeIDE/plugins/com.st.stm32cube.ide.mcu.externaltools.gnu-tools-for-stm32.11.3.rel1.win32_1.1.100.202309141235/tools/bin/../lib/gcc/arm-none-eabi/11.3.1/../../../../arm-none-eabi/lib/thumb/v7e-m+fp/hard\libc_nano.a(libc_a-malloc.o)
                0x000000000800f394                malloc
 .text.sbrk_aligned
                0x000000000800f3a4       0x40 C:/ST/STM32CubeIDE_1.14.1/STM32CubeIDE/plugins/com.st.stm32cube.ide.mcu.externaltools.gnu-tools-for-stm32.11.3.rel1.win32_1.1.100.202309141235/tools/bin/../lib/gcc/arm-none-eabi/11.3.1/../../../../arm-none-eabi/lib/thumb/v7e-m+fp/hard\libc_nano.a(libc_a-mallocr.o)
 .text._malloc_r