23:18:21 **** Incremental Build of configuration Debug for project LCD project ****
make -j16 all 
arm-none-eabi-gcc "../Core/Src/main.c" -mcpu=cortex-m4 -std=gnu11 -g3 -DDEBUG -DUSE_HAL_DRIVER -DSTM32L476xx -c -I../Core/Inc -I../Drivers/STM32L4xx_HAL_Driver/Inc -I../Drivers/STM32L4xx_HAL_Driver/Inc/Legacy -I../Drivers/CMSIS/Device/ST/STM32L4xx/Include -I../Drivers/CMSIS/Include -O0 -ffunction-sections -fdata-sections -Wall -fstack-usage -fcyclomatic-complexity -MMD -MP -MF"Core/Src/main.d" -MT"Core/Src/main.o" --specs=nano.specs -mfpu=fpv4-sp-d16 -mfloat-abi=hard -mthumb -o "Core/Src/main.o"
arm-none-eabi-gcc -o "LCD project.elf" @"objects.list"   -mcpu=cortex-m4 -T"C:\Users\YoussefElbattah\Documents\STM32 projects\LCD project\STM32L476RGTX_FLASH.ld" --specs=nosys.specs -Wl,-Map="LCD project.map" -Wl,--gc-sections -static --specs=nano.specs -mfpu=fpv4-sp-d16 -mfloat-abi=hard -mthumb -Wl,--start-group -lc -lm -Wl,--end-group
Finished building target: LCD project.elf
 
arm-none-eabi-size  LCD\ project.elf 
arm-none-eabi-objdump -h -S LCD\ project.elf  > "LCD project.list"
   text	   data	    bss	    dec	    hex	filename
  15412	     20	   1788	  17220	   4344	LCD project.elf
Finished building: default.size.stdout
 
Finished building: LCD project.list
 

23:18:23 Build Finished. 0 errors, 0 warnings. (took 1s.850ms)

