12:37:41 **** Incremental Build of configuration Debug for project LORA Receiver ****
make -j16 all 
arm-none-eabi-gcc "../Core/Src/main.c" -mcpu=cortex-m4 -std=gnu11 -g3 -DDEBUG -DUSE_HAL_DRIVER -DSTM32L476xx -c -I../Core/Inc -I../Drivers/STM32L4xx_HAL_Driver/Inc -I../Drivers/STM32L4xx_HAL_Driver/Inc/Legacy -I../Drivers/CMSIS/Device/ST/STM32L4xx/Include -I../Drivers/CMSIS/Include -O0 -ffunction-sections -fdata-sections -Wall -fstack-usage -fcyclomatic-complexity -MMD -MP -MF"Core/Src/main.d" -MT"Core/Src/main.o" --specs=nano.specs -mfpu=fpv4-sp-d16 -mfloat-abi=hard -mthumb -o "Core/Src/main.o"
arm-none-eabi-gcc -o "LORA Receiver.elf" @"objects.list"   -mcpu=cortex-m4 -T"C:\Users\YoussefElbattah\Documents\STM32 projects\LORA Receiver\STM32L476RGTX_FLASH.ld" --specs=nosys.specs -Wl,-Map="LORA Receiver.map" -Wl,--gc-sections -static --specs=nano.specs -mfpu=fpv4-sp-d16 -mfloat-abi=hard -mthumb -Wl,--start-group -lc -lm -Wl,--end-group
Finished building target: LORA Receiver.elf
 
arm-none-eabi-size  LORA\ Receiver.elf 
arm-none-eabi-objdump -h -S LORA\ Receiver.elf  > "LORA Receiver.list"
   text	   data	    bss	    dec	    hex	filename
  21312	    168	   2728	  24208	   5e90	LORA Receiver.elf
Finished building: default.size.stdout
 
Finished building: LORA Receiver.list
 

12:37:42 Build Finished. 0 errors, 0 warnings. (took 768ms)

